Archive member included to satisfy reference by file (symbol)

c:/program files/microchip/xc8/v2.36/avr/bin/../lib/gcc/avr/5.4.0/avr6/memx-const\libgcc.a(_copy_data.o)
                              src/FLASH_NAND_MEMORY.o (__do_copy_data)
c:/program files/microchip/xc8/v2.36/avr/bin/../lib/gcc/avr/5.4.0/avr6/memx-const\libgcc.a(_xload_1.o)
                              src/Board_V2_2.o (__xload_1)
c:/program files/microchip/xc8/v2.36/avr/bin/../lib/gcc/avr/5.4.0/../../../../avr/lib/avr6/memx-const\libc.a(exit.o)
                              C:/Program Files (x86)/Atmel/Studio/7.0/Packs/atmel/ATmega_DFP/1.7.374/xc8/avr/lib/avr6/memx-const/crtatmega2560.o (exit)
c:/program files/microchip/xc8/v2.36/avr/bin/../lib/gcc/avr/5.4.0/../../../../avr/lib/avr6/memx-const\libc.a(__sio_sprintf_doux.o)
                              src/Command_Line_Functions.o (_sprintf_cdnopuxX)
c:/program files/microchip/xc8/v2.36/avr/bin/../lib/gcc/avr/5.4.0/../../../../avr/lib/avr6/memx-const\libc.a(__fmt_s.o)
                              c:/program files/microchip/xc8/v2.36/avr/bin/../lib/gcc/avr/5.4.0/../../../../avr/lib/avr6/memx-const\libc.a(__sio_sprintf_doux.o) (__fmt_s_needed)
c:/program files/microchip/xc8/v2.36/avr/bin/../lib/gcc/avr/5.4.0/../../../../avr/lib/avr6/memx-const\libc.a(__printf_core.o)
                              c:/program files/microchip/xc8/v2.36/avr/bin/../lib/gcc/avr/5.4.0/../../../../avr/lib/avr6/memx-const\libc.a(__fmt_s.o) (__pad)
c:/program files/microchip/xc8/v2.36/avr/bin/../lib/gcc/avr/5.4.0/../../../../avr/lib/avr6/memx-const\libc.a(fputc.o)
                              c:/program files/microchip/xc8/v2.36/avr/bin/../lib/gcc/avr/5.4.0/../../../../avr/lib/avr6/memx-const\libc.a(__printf_core.o) (fputc)
c:/program files/microchip/xc8/v2.36/avr/bin/../lib/gcc/avr/5.4.0/../../../../avr/lib/avr6/memx-const\libc.a(__fmt_d.o)
                              c:/program files/microchip/xc8/v2.36/avr/bin/../lib/gcc/avr/5.4.0/../../../../avr/lib/avr6/memx-const\libc.a(__sio_sprintf_doux.o) (__fmt_d_needed)
c:/program files/microchip/xc8/v2.36/avr/bin/../lib/gcc/avr/5.4.0/../../../../avr/lib/avr6/memx-const\libc.a(__fmt_o.o)
                              c:/program files/microchip/xc8/v2.36/avr/bin/../lib/gcc/avr/5.4.0/../../../../avr/lib/avr6/memx-const\libc.a(__sio_sprintf_doux.o) (__fmt_o_needed)
c:/program files/microchip/xc8/v2.36/avr/bin/../lib/gcc/avr/5.4.0/../../../../avr/lib/avr6/memx-const\libc.a(__fmt_u.o)
                              c:/program files/microchip/xc8/v2.36/avr/bin/../lib/gcc/avr/5.4.0/../../../../avr/lib/avr6/memx-const\libc.a(__fmt_d.o) (__cvt_u)
c:/program files/microchip/xc8/v2.36/avr/bin/../lib/gcc/avr/5.4.0/../../../../avr/lib/avr6/memx-const\libc.a(__fmt_x.o)
                              c:/program files/microchip/xc8/v2.36/avr/bin/../lib/gcc/avr/5.4.0/../../../../avr/lib/avr6/memx-const\libc.a(__sio_sprintf_doux.o) (__fmt_x_needed)
c:/program files/microchip/xc8/v2.36/avr/bin/../lib/gcc/avr/5.4.0/../../../../avr/lib/avr6/memx-const\libc.a(__pop_float.o)
                              c:/program files/microchip/xc8/v2.36/avr/bin/../lib/gcc/avr/5.4.0/../../../../avr/lib/avr6/memx-const\libc.a(__printf_core.o) (__pop_float)
c:/program files/microchip/xc8/v2.36/avr/bin/../lib/gcc/avr/5.4.0/../../../../avr/lib/avr6/memx-const\libc.a(__pop_int.o)
                              c:/program files/microchip/xc8/v2.36/avr/bin/../lib/gcc/avr/5.4.0/../../../../avr/lib/avr6/memx-const\libc.a(__printf_core.o) (__pop_int)
c:/program files/microchip/xc8/v2.36/avr/bin/../lib/gcc/avr/5.4.0/../../../../avr/lib/avr6/memx-const\libc.a(__pop_ptr.o)
                              c:/program files/microchip/xc8/v2.36/avr/bin/../lib/gcc/avr/5.4.0/../../../../avr/lib/avr6/memx-const\libc.a(__printf_core.o) (__pop_ptr)
c:/program files/microchip/xc8/v2.36/avr/bin/../lib/gcc/avr/5.4.0/../../../../avr/lib/avr6/memx-const\libc.a(sprintf.o)
                              src/Command_Line_Functions.o (sprintf)
c:/program files/microchip/xc8/v2.36/avr/bin/../lib/gcc/avr/5.4.0/../../../../avr/lib/avr6/memx-const\libc.a(vsprintf.o)
                              c:/program files/microchip/xc8/v2.36/avr/bin/../lib/gcc/avr/5.4.0/../../../../avr/lib/avr6/memx-const\libc.a(sprintf.o) (vsprintf)
c:/program files/microchip/xc8/v2.36/avr/bin/../lib/gcc/avr/5.4.0/../../../../avr/lib/avr6/memx-const\libc.a(atoi.o)
                              c:/program files/microchip/xc8/v2.36/avr/bin/../lib/gcc/avr/5.4.0/../../../../avr/lib/avr6/memx-const\libc.a(__printf_core.o) (atoi)
c:/program files/microchip/xc8/v2.36/avr/bin/../lib/gcc/avr/5.4.0/../../../../avr/lib/avr6/memx-const\libc.a(memset.o)
                              c:/program files/microchip/xc8/v2.36/avr/bin/../lib/gcc/avr/5.4.0/../../../../avr/lib/avr6/memx-const\libc.a(__printf_core.o) (memset)
c:/program files/microchip/xc8/v2.36/avr/bin/../lib/gcc/avr/5.4.0/../../../../avr/lib/avr6/memx-const\libc.a(strcmp.o)
[...]
Memory Configuration

Name             Origin             Length             Attributes
text             0x0000000000000000 0x0000000000040000 xr
data             0x0000000000800200 0x0000000000002000 rw !x
eeprom           0x0000000000810000 0x0000000000001000 rw !x
fuse             0x0000000000820000 0x0000000000000003 rw !x
lock             0x0000000000830000 0x0000000000000400 rw !x
signature        0x0000000000840000 0x0000000000000400 rw !x
user_signatures  0x0000000000850000 0x0000000000000400 rw !x
*default*        0x0000000000000000 0xffffffffffffffff

Linker script and memory map

Address of section .data set to 0x800200
LOAD C:/Program Files (x86)/Atmel/Studio/7.0/Packs/atmel/ATmega_DFP/1.7.374/xc8/avr/lib/avr6/memx-const/crtatmega2560.o
LOAD main.o
LOAD src/Board_V2_1.o
LOAD src/Board_V2_2.o
LOAD src/Command_Line_Functions.o
LOAD src/FLASH_NAND_MEMORY.o
LOAD src/NAND_Flash_Formatter.o
START GROUP
LOAD c:/program files/microchip/xc8/v2.36/avr/bin/../lib/gcc/avr/5.4.0/../../../../avr/lib/avr6/memx-const\libm.a
END GROUP
START GROUP
LOAD c:/program files/microchip/xc8/v2.36/avr/bin/../lib/gcc/avr/5.4.0/avr6/memx-const\libgcc.a
LOAD c:/program files/microchip/xc8/v2.36/avr/bin/../lib/gcc/avr/5.4.0/../../../../avr/lib/avr6/memx-const\libm.a
LOAD c:/program files/microchip/xc8/v2.36/avr/bin/../lib/gcc/avr/5.4.0/../../../../avr/lib/avr6/memx-const\libc.a
LOAD C:/Program Files (x86)/Atmel/Studio/7.0/Packs/atmel/ATmega_DFP/1.7.374/xc8/avr/lib/avr6/memx-const\libatmega2560.a
END GROUP
                0x0000000000000000                __TEXT_REGION_ORIGIN__ = DEFINED (__TEXT_REGION_ORIGIN__)?__TEXT_REGION_ORIGIN__:0x0
                [0x0000000000800200]                __DATA_REGION_ORIGIN__ = DEFINED (__DATA_REGION_ORIGIN__)?__DATA_REGION_ORIGIN__:0x800200
                [0x0000000000040000]                __TEXT_REGION_LENGTH__ = DEFINED (__TEXT_REGION_LENGTH__)?__TEXT_REGION_LENGTH__:0x100000
                [0x0000000000002000]                __DATA_REGION_LENGTH__ = DEFINED (__DATA_REGION_LENGTH__)?__DATA_REGION_LENGTH__:0xfe00
                [0x0000000000001000]                __EEPROM_REGION_LENGTH__ = DEFINED (__EEPROM_REGION_LENGTH__)?__EEPROM_REGION_LENGTH__:0x10000
                [0x0000000000000003]                __FUSE_REGION_LENGTH__ = DEFINED (__FUSE_REGION_LENGTH__)?__FUSE_REGION_LENGTH__:0x400
                0x0000000000000400                __LOCK_REGION_LENGTH__ = DEFINED (__LOCK_REGION_LENGTH__)?__LOCK_REGION_LENGTH__:0x400
                0x0000000000000400                __SIGNATURE_REGION_LENGTH__ = DEFINED (__SIGNATURE_REGION_LENGTH__)?__SIGNATURE_REGION_LENGTH__:0x400
                0x0000000000000400                __USER_SIGNATURE_REGION_LENGTH__ = DEFINED (__USER_SIGNATURE_REGION_LENGTH__)?__USER_SIGNATURE_REGION_LENGTH__:0x400

.hash
 *(.hash)

.dynsym
 *(.dynsym)

.dynstr
 *(.dynstr)

.gnu.version
 *(.gnu.version)

.gnu.version_d
 *(.gnu.version_d)

.gnu.version_r
 *(.gnu.version_r)

.rel.init
 *(.rel.init)

.rela.init
 *(.rela.init)

.rel.text
 *(.rel.text)
 *(.rel.text.*)
 *(.rel.gnu.linkonce.t*)

.rela.text
 *(.rela.text)
 *(.rela.text.*)
 *(.rela.gnu.linkonce.t*)

.rel.fini
 *(.rel.fini)

.rela.fini
 *(.rela.fini)

.rel.rodata
 *(.rel.rodata)
 *(.rel.rodata.*)
 *(.rel.gnu.linkonce.r*)

.rela.rodata
 *(.rela.rodata)
 *(.rela.rodata.*)
 *(.rela.gnu.linkonce.r*)

.rel.data
 *(.rel.data)
 *(.rel.data.*)
 *(.rel.gnu.linkonce.d*)

.rela.data
 *(.rela.data)
 *(.rela.data.*)
 *(.rela.gnu.linkonce.d*)

.rel.ctors
 *(.rel.ctors)

.rela.ctors
 *(.rela.ctors)

.rel.dtors
 *(.rel.dtors)

.rela.dtors
 *(.rela.dtors)

.rel.got
 *(.rel.got)

.rela.got
 *(.rela.got)

.rel.bss
 *(.rel.bss)

.rela.bss
 *(.rela.bss)

.rel.plt
 *(.rel.plt)

.rela.plt
 *(.rela.plt)

.text           0x0000000000000000      0x17a
 *(.vectors)
 .vectors       0x0000000000000000       0xe4 C:/Program Files (x86)/Atmel/Studio/7.0/Packs/atmel/ATmega_DFP/1.7.374/xc8/avr/lib/avr6/memx-const/crtatmega2560.o
                0x0000000000000000                __vector_default
                0x0000000000000000                __vectors
 *(.vectors)
 *(.progmem.gcc*)
 *(.dinit)
 .dinit         0x00000000000000e4        0x5 data_init
                0x00000000000000ea                . = ALIGN (0x2)
 *fill*         0x00000000000000e9        0x1 
                0x00000000000000ea                __trampolines_start = .
 *(.trampolines)
 .trampolines   0x00000000000000ea       0x34 linker stubs
 *(.trampolines*)
                0x000000000000011e                __trampolines_end = .
 *libprintf_flt.a:*(.progmem.data)
 *libc.a:*(.progmem.data)
                0x000000000000011e                . = ALIGN (0x2)
 *(.jumptables)
 *(.jumptables*)
 *(.lowtext)
 *(.lowtext*)
                0x000000000000011e                __ctors_start = .
 *(.ctors)
                0x000000000000011e                __ctors_end = .
                0x000000000000011e                __dtors_start = .
 *(.dtors)
                0x000000000000011e                __dtors_end = .
 SORT(*)(.ctors)
 SORT(*)(.dtors)
 *(.init0)
 .init0         0x000000000000011e        0x0 C:/Program Files (x86)/Atmel/Studio/7.0/Packs/atmel/ATmega_DFP/1.7.374/xc8/avr/lib/avr6/memx-const/crtatmega2560.o
                0x000000000000011e                __init
 *(.init0)
 *(.init1)
 *(.init1)
 *(.init2)
 .init2         0x000000000000011e       0x10 C:/Program Files (x86)/Atmel/Studio/7.0/Packs/atmel/ATmega_DFP/1.7.374/xc8/avr/lib/avr6/memx-const/crtatmega2560.o
 *(.init2)
 *(.init3)
 *(.init3)
 *(.init4)
 .init4         0x000000000000012e       0x40 c:/program files/microchip/xc8/v2.36/avr/bin/../lib/gcc/avr/5.4.0/avr6/memx-const\libgcc.a(_copy_data.o)
                0x000000000000012e                __do_copy_data
                0x0000000000000160                __do_clear_bss
 *(.init4)
 *(.init5)
 *(.init5)
 *(.init6)
 *(.init6)
 *(.init7)
 *(.init7)
 *(.init8)
 *(.init8)
 *(.init9)
 .init9         0x000000000000016e        0x8 C:/Program Files (x86)/Atmel/Studio/7.0/Packs/atmel/ATmega_DFP/1.7.374/xc8/avr/lib/avr6/memx-const/crtatmega2560.o
 *(.init9)
                0x0000000000000176                . = ALIGN (0x2)
 *(.fini9)
 .fini9         0x0000000000000176        0x0 c:/program files/microchip/xc8/v2.36/avr/bin/../lib/gcc/avr/5.4.0/avr6/memx-const\libgcc.a(_exit.o)
                0x0000000000000176                _exit
 *(.fini9)
 *(.fini8)
 *(.fini8)
 *(.fini7)
 *(.fini7)
 *(.fini6)
 *(.fini6)
 *(.fini5)
 *(.fini5)
 *(.fini4)
 *(.fini4)
 *(.fini3)
 *(.fini3)
 *(.fini2)
 *(.fini2)
 *(.fini1)
 *(.fini1)
 *(.fini0)
 .fini0         0x0000000000000176        0x4 c:/program files/microchip/xc8/v2.36/avr/bin/../lib/gcc/avr/5.4.0/avr6/memx-const\libgcc.a(_exit.o)
 *(.fini0)
                0x000000000000017a                _etext = .

.data           0x0000000000800200        0x0 load address 0x000000000000017a
                [!provide]                        PROVIDE (__data_start, .)
 *(.gnu.linkonce.d*)
 *(.gnu.linkonce.r*)
                0x0000000000800200                . = ALIGN (0x2)
                0x0000000000800200                _edata = .
                [!provide]                        PROVIDE (__data_end, .)

.bss            0x0000000000800200      0x258
                [!provide]                        PROVIDE (__bss_start, .)
 *(COMMON)
 COMMON         0x0000000000800200      0x255 main.o
                0x0000000000800200                CommandBuffer
                0x00000000008002fe                status_feature
                0x000000000080031c                c
                0x000000000080031d                data
                0x0000000000800449                HEX_ID
                0x000000000080044e                s
                0x0000000000800450                Byte_Address
 COMMON         0x0000000000800455        0x1 src/FLASH_NAND_MEMORY.o
                0x0000000000800455                status
 COMMON         0x0000000000800456        0x2 c:/program files/microchip/xc8/v2.36/avr/bin/../lib/gcc/avr/5.4.0/../../../../avr/lib/avr6/memx-const\libc.a(errno.o)
                0x0000000000800456                __errno_val
                [!provide]                        PROVIDE (__bss_end, .)
                0x000000000000017a                __data_load_start = LOADADDR (.data)
                0x000000000000017a                __data_load_end = (__data_load_start + SIZEOF (.data))

.noinit         0x0000000000800458        0x0
                [!provide]                        PROVIDE (__noinit_start, .)
 *(.noinit*)
                [!provide]                        PROVIDE (__noinit_end, .)
                0x0000000000800458                _end = .

.eeprom         0x0000000000810000        0x0
 *(.eeprom*)
                0x0000000000810000                __eeprom_end = .

.fuse
 *(.fuse)
 *(.lfuse)
 *(.hfuse)
 *(.efuse)

.lock
 *(.lock*)

.signature
 *(.signature*)

.user_signatures
 *(.user_signatures*)

.stab
 *(.stab)

.stabstr
 *(.stabstr)

.stab.excl
 *(.stab.excl)

.stab.exclstr
 *(.stab.exclstr)

.stab.index
 *(.stab.index)

.stab.indexstr
 *(.stab.indexstr)

.comment        0x0000000000000000       0x2f
 *(.comment)
 .comment       0x0000000000000000       0x2f main.o
                                         0x30 (size before relaxing)
 .comment       0x000000000000002f       0x30 src/Board_V2_2.o
 .comment       0x000000000000002f       0x30 src/Command_Line_Functions.o
 .comment       0x000000000000002f       0x30 src/FLASH_NAND_MEMORY.o
 .comment       0x000000000000002f       0x30 c:/program files/microchip/xc8/v2.36/avr/bin/../lib/gcc/avr/5.4.0/../../../../avr/lib/avr6/memx-const\libc.a(exit.o)
 .comment       0x000000000000002f       0x30 c:/program files/microchip/xc8/v2.36/avr/bin/../lib/gcc/avr/5.4.0/../../../../avr/lib/avr6/memx-const\libc.a(__sio_sprintf_doux.o)
 .comment       0x000000000000002f       0x30 c:/program files/microchip/xc8/v2.36/avr/bin/../lib/gcc/avr/5.4.0/../../../../avr/lib/avr6/memx-const\libc.a(__fmt_s.o)
 .comment       0x000000000000002f       0x30 c:/program files/microchip/xc8/v2.36/avr/bin/../lib/gcc/avr/5.4.0/../../../../avr/lib/avr6/memx-const\libc.a(__printf_core.o)
 .comment       0x000000000000002f       0x30 c:/program files/microchip/xc8/v2.36/avr/bin/../lib/gcc/avr/5.4.0/../../../../avr/lib/avr6/memx-const\libc.a(fputc.o)
 .comment       0x000000000000002f       0x30 c:/program files/microchip/xc8/v2.36/avr/bin/../lib/gcc/avr/5.4.0/../../../../avr/lib/avr6/memx-const\libc.a(__fmt_d.o)
 .comment       0x000000000000002f       0x30 c:/program files/microchip/xc8/v2.36/avr/bin/../lib/gcc/avr/5.4.0/../../../../avr/lib/avr6/memx-const\libc.a(__fmt_o.o)
 .comment       0x000000000000002f       0x30 c:/program files/microchip/xc8/v2.36/avr/bin/../lib/gcc/avr/5.4.0/../../../../avr/lib/avr6/memx-const\libc.a(__fmt_u.o)
 .comment       0x000000000000002f       0x30 c:/program files/microchip/xc8/v2.36/avr/bin/../lib/gcc/avr/5.4.0/../../../../avr/lib/avr6/memx-const\libc.a(__fmt_x.o)
 .comment       0x000000000000002f       0x30 c:/program files/microchip/xc8/v2.36/avr/bin/../lib/gcc/avr/5.4.0/../../../../avr/lib/avr6/memx-const\libc.a(__pop_float.o)
 .comment       0x000000000000002f       0x30 c:/program files/microchip/xc8/v2.36/avr/bin/../lib/gcc/avr/5.4.0/../../../../avr/lib/avr6/memx-const\libc.a(__pop_int.o)
 .comment       0x000000000000002f       0x30 c:/program files/microchip/xc8/v2.36/avr/bin/../lib/gcc/avr/5.4.0/../../../../avr/lib/avr6/memx-const\libc.a(__pop_ptr.o)
 .comment       0x000000000000002f       0x30 c:/program files/microchip/xc8/v2.36/avr/bin/../lib/gcc/avr/5.4.0/../../../../avr/lib/avr6/memx-const\libc.a(sprintf.o)
 .comment       0x000000000000002f       0x30 c:/program files/microchip/xc8/v2.36/avr/bin/../lib/gcc/avr/5.4.0/../../../../avr/lib/avr6/memx-const\libc.a(vsprintf.o)
 .comment       0x000000000000002f       0x30 c:/program files/microchip/xc8/v2.36/avr/bin/../lib/gcc/avr/5.4.0/../../../../avr/lib/avr6/memx-const\libc.a(atoi.o)
 .comment       0x000000000000002f       0x30 c:/program files/microchip/xc8/v2.36/avr/bin/../lib/gcc/avr/5.4.0/../../../../avr/lib/avr6/memx-const\libc.a(memset.o)
 .comment       0x000000000000002f       0x30 c:/program files/microchip/xc8/v2.36/avr/bin/../lib/gcc/avr/5.4.0/../../../../avr/lib/avr6/memx-const\libc.a(strcmp.o)
 .comment       0x000000000000002f       0x30 c:/program files/microchip/xc8/v2.36/avr/bin/../lib/gcc/avr/5.4.0/../../../../avr/lib/avr6/memx-const\libc.a(strlen.o)
 .comment       0x000000000000002f       0x30 c:/program files/microchip/xc8/v2.36/avr/bin/../lib/gcc/avr/5.4.0/../../../../avr/lib/avr6/memx-const\libc.a(tolower.o)
 .comment       0x000000000000002f       0x30 c:/program files/microchip/xc8/v2.36/avr/bin/../lib/gcc/avr/5.4.0/../../../../avr/lib/avr6/memx-const\libc.a(toupper.o)
 .comment       0x000000000000002f       0x30 c:/program files/microchip/xc8/v2.36/avr/bin/../lib/gcc/avr/5.4.0/../../../../avr/lib/avr6/memx-const\libc.a(errno.o)
 .comment       0x000000000000002f       0x30 c:/program files/microchip/xc8/v2.36/avr/bin/../lib/gcc/avr/5.4.0/../../../../avr/lib/avr6/memx-const\libc.a(_Exit.o)
 .comment       0x000000000000002f       0x30 c:/program files/microchip/xc8/v2.36/avr/bin/../lib/gcc/avr/5.4.0/../../../../avr/lib/avr6/memx-const\libc.a(__int_vsprintf.o)
 .comment       0x000000000000002f       0x30 c:/program files/microchip/xc8/v2.36/avr/bin/../lib/gcc/avr/5.4.0/../../../../avr/lib/avr6/memx-const\libc.a(__int_vsnprintf.o)
 .comment       0x000000000000002f       0x30 c:/program files/microchip/xc8/v2.36/avr/bin/../lib/gcc/avr/5.4.0/../../../../avr/lib/avr6/memx-const\libc.a(vsnprintf.o)
 .comment       0x000000000000002f       0x30 c:/program files/microchip/xc8/v2.36/avr/bin/../lib/gcc/avr/5.4.0/../../../../avr/lib/avr6/memx-const\libc.a(vfprintf.o)
 .comment       0x000000000000002f       0x30 c:/program files/microchip/xc8/v2.36/avr/bin/../lib/gcc/avr/5.4.0/../../../../avr/lib/avr6/memx-const\libc.a(__int_vfprintf.o)
 .comment       0x000000000000002f       0x30 c:/program files/microchip/xc8/v2.36/avr/bin/../lib/gcc/avr/5.4.0/../../../../avr/lib/avr6/memx-const\libc.a(__fmt_fp.o)
 .comment       0x000000000000002f       0x30 c:/program files/microchip/xc8/v2.36/avr/bin/../lib/gcc/avr/5.4.0/../../../../avr/lib/avr6/memx-const\libc.a(__fmt_a.o)
 .comment       0x000000000000002f       0x30 c:/program files/microchip/xc8/v2.36/avr/bin/../lib/gcc/avr/5.4.0/../../../../avr/lib/avr6/memx-const\libc.a(strcpy.o)
 .comment       0x000000000000002f       0x30 c:/program files/microchip/xc8/v2.36/avr/bin/../lib/gcc/avr/5.4.0/../../../../avr/lib/avr6/memx-const\libm.a(floorf.o)
 .comment       0x000000000000002f       0x30 c:/program files/microchip/xc8/v2.36/avr/bin/../lib/gcc/avr/5.4.0/../../../../avr/lib/avr6/memx-const\libm.a(fmaf.o)

.stack.descriptors.hdr
                0x0000000000000000      0x196
 .stack.descriptors.hdr
                0x0000000000000000        0xe c:/program files/microchip/xc8/v2.36/avr/bin/../lib/gcc/avr/5.4.0/avr6/memx-const\libgcc.a(_xload_1.o)
 .stack.descriptors.hdr
                0x000000000000000e        0xe c:/program files/microchip/xc8/v2.36/avr/bin/../lib/gcc/avr/5.4.0/avr6/memx-const\libgcc.a(_divmodhi4.o)
 .stack.descriptors.hdr
                0x000000000000001c        0xe c:/program files/microchip/xc8/v2.36/avr/bin/../lib/gcc/avr/5.4.0/avr6/memx-const\libgcc.a(_exit.o)
 .stack.descriptors.hdr
                0x000000000000002a        0xe c:/program files/microchip/xc8/v2.36/avr/bin/../lib/gcc/avr/5.4.0/avr6/memx-const\libgcc.a(_udivdi3.o)
 .stack.descriptors.hdr
                0x0000000000000038        0xe c:/program files/microchip/xc8/v2.36/avr/bin/../lib/gcc/avr/5.4.0/avr6/memx-const\libgcc.a(_udivmod64.o)
 .stack.descriptors.hdr
                0x0000000000000046        0xe c:/program files/microchip/xc8/v2.36/avr/bin/../lib/gcc/avr/5.4.0/avr6/memx-const\libgcc.a(_negdi2.o)
 .stack.descriptors.hdr
                0x0000000000000054        0xe c:/program files/microchip/xc8/v2.36/avr/bin/../lib/gcc/avr/5.4.0/avr6/memx-const\libgcc.a(_movmemx.o)
 .stack.descriptors.hdr
                0x0000000000000062        0xe c:/program files/microchip/xc8/v2.36/avr/bin/../lib/gcc/avr/5.4.0/avr6/memx-const\libgcc.a(_ashrdi3.o)
 .stack.descriptors.hdr
                0x0000000000000070        0xe c:/program files/microchip/xc8/v2.36/avr/bin/../lib/gcc/avr/5.4.0/avr6/memx-const\libgcc.a(_cmpdi2_s8.o)
 .stack.descriptors.hdr
                0x000000000000007e        0xe c:/program files/microchip/xc8/v2.36/avr/bin/../lib/gcc/avr/5.4.0/avr6/memx-const\libgcc.a(_udivmodhi4.o)
 .stack.descriptors.hdr
                0x000000000000008c        0xe c:/program files/microchip/xc8/v2.36/avr/bin/../lib/gcc/avr/5.4.0/../../../../avr/lib/avr6/memx-const\libm.a(addsf3.o)
 .stack.descriptors.hdr
                0x000000000000009a        0xe c:/program files/microchip/xc8/v2.36/avr/bin/../lib/gcc/avr/5.4.0/../../../../avr/lib/avr6/memx-const\libm.a(addsf3x.o)
 .stack.descriptors.hdr
                0x00000000000000a8        0xe c:/program files/microchip/xc8/v2.36/avr/bin/../lib/gcc/avr/5.4.0/../../../../avr/lib/avr6/memx-const\libm.a(cmpsf2.o)
 .stack.descriptors.hdr
                0x00000000000000b6        0xe c:/program files/microchip/xc8/v2.36/avr/bin/../lib/gcc/avr/5.4.0/../../../../avr/lib/avr6/memx-const\libm.a(divsf3.o)
 .stack.descriptors.hdr
                0x00000000000000c4        0xe c:/program files/microchip/xc8/v2.36/avr/bin/../lib/gcc/avr/5.4.0/../../../../avr/lib/avr6/memx-const\libm.a(divsf3x.o)
 .stack.descriptors.hdr
                0x00000000000000d2        0xe c:/program files/microchip/xc8/v2.36/avr/bin/../lib/gcc/avr/5.4.0/../../../../avr/lib/avr6/memx-const\libm.a(fixsfsi.o)
 .stack.descriptors.hdr
                0x00000000000000e0        0xe c:/program files/microchip/xc8/v2.36/avr/bin/../lib/gcc/avr/5.4.0/../../../../avr/lib/avr6/memx-const\libm.a(fixunssfsi.o)
 .stack.descriptors.hdr
                0x00000000000000ee        0xe c:/program files/microchip/xc8/v2.36/avr/bin/../lib/gcc/avr/5.4.0/../../../../avr/lib/avr6/memx-const\libm.a(fp_cmp.o)
 .stack.descriptors.hdr
                0x00000000000000fc        0xe c:/program files/microchip/xc8/v2.36/avr/bin/../lib/gcc/avr/5.4.0/../../../../avr/lib/avr6/memx-const\libm.a(fp_inf.o)
 .stack.descriptors.hdr
                0x000000000000010a        0xe c:/program files/microchip/xc8/v2.36/avr/bin/../lib/gcc/avr/5.4.0/../../../../avr/lib/avr6/memx-const\libm.a(fp_nan.o)
 .stack.descriptors.hdr
                0x0000000000000118        0xe c:/program files/microchip/xc8/v2.36/avr/bin/../lib/gcc/avr/5.4.0/../../../../avr/lib/avr6/memx-const\libm.a(fp_pscA.o)
 .stack.descriptors.hdr
                0x0000000000000126        0xe c:/program files/microchip/xc8/v2.36/avr/bin/../lib/gcc/avr/5.4.0/../../../../avr/lib/avr6/memx-const\libm.a(fp_pscB.o)
 .stack.descriptors.hdr
                0x0000000000000134        0xe c:/program files/microchip/xc8/v2.36/avr/bin/../lib/gcc/avr/5.4.0/../../../../avr/lib/avr6/memx-const\libm.a(fp_round.o)
 .stack.descriptors.hdr
                0x0000000000000142        0xe c:/program files/microchip/xc8/v2.36/avr/bin/../lib/gcc/avr/5.4.0/../../../../avr/lib/avr6/memx-const\libm.a(fp_split3.o)
 .stack.descriptors.hdr
                0x0000000000000150        0xe c:/program files/microchip/xc8/v2.36/avr/bin/../lib/gcc/avr/5.4.0/../../../../avr/lib/avr6/memx-const\libm.a(fp_zero.o)
 .stack.descriptors.hdr
                0x000000000000015e        0xe c:/program files/microchip/xc8/v2.36/avr/bin/../lib/gcc/avr/5.4.0/../../../../avr/lib/avr6/memx-const\libm.a(gesf2.o)
 .stack.descriptors.hdr
                0x000000000000016c        0xe c:/program files/microchip/xc8/v2.36/avr/bin/../lib/gcc/avr/5.4.0/../../../../avr/lib/avr6/memx-const\libm.a(mulsf3.o)
 .stack.descriptors.hdr
                0x000000000000017a        0xe c:/program files/microchip/xc8/v2.36/avr/bin/../lib/gcc/avr/5.4.0/../../../../avr/lib/avr6/memx-const\libm.a(mulsf3x.o)
 .stack.descriptors.hdr
                0x0000000000000188        0xe c:/program files/microchip/xc8/v2.36/avr/bin/../lib/gcc/avr/5.4.0/avr6/memx-const\libgcc.a(_adddi3_s8.o)

.note.GNU-stack
                0x0000000000000000        0x0
 .note.GNU-stack
                0x0000000000000000        0x0 c:/program files/microchip/xc8/v2.36/avr/bin/../lib/gcc/avr/5.4.0/../../../../avr/lib/avr6/memx-const\libc.a(exit.o)
 .note.GNU-stack
                0x0000000000000000        0x0 c:/program files/microchip/xc8/v2.36/avr/bin/../lib/gcc/avr/5.4.0/../../../../avr/lib/avr6/memx-const\libc.a(__sio_sprintf_doux.o)
 .note.GNU-stack
                0x0000000000000000        0x0 c:/program files/microchip/xc8/v2.36/avr/bin/../lib/gcc/avr/5.4.0/../../../../avr/lib/avr6/memx-const\libc.a(__fmt_s.o)
 .note.GNU-stack
                0x0000000000000000        0x0 c:/program files/microchip/xc8/v2.36/avr/bin/../lib/gcc/avr/5.4.0/../../../../avr/lib/avr6/memx-const\libc.a(__printf_core.o)
 .note.GNU-stack
                0x0000000000000000        0x0 c:/program files/microchip/xc8/v2.36/avr/bin/../lib/gcc/avr/5.4.0/../../../../avr/lib/avr6/memx-const\libc.a(fputc.o)
 .note.GNU-stack
                0x0000000000000000        0x0 c:/program files/microchip/xc8/v2.36/avr/bin/../lib/gcc/avr/5.4.0/../../../../avr/lib/avr6/memx-const\libc.a(__fmt_d.o)
 .note.GNU-stack
                0x0000000000000000        0x0 c:/program files/microchip/xc8/v2.36/avr/bin/../lib/gcc/avr/5.4.0/../../../../avr/lib/avr6/memx-const\libc.a(__fmt_o.o)
 .note.GNU-stack
                0x0000000000000000        0x0 c:/program files/microchip/xc8/v2.36/avr/bin/../lib/gcc/avr/5.4.0/../../../../avr/lib/avr6/memx-const\libc.a(__fmt_u.o)
 .note.GNU-stack
                0x0000000000000000        0x0 c:/program files/microchip/xc8/v2.36/avr/bin/../lib/gcc/avr/5.4.0/../../../../avr/lib/avr6/memx-const\libc.a(__fmt_x.o)
 .note.GNU-stack
                0x0000000000000000        0x0 c:/program files/microchip/xc8/v2.36/avr/bin/../lib/gcc/avr/5.4.0/../../../../avr/lib/avr6/memx-const\libc.a(__pop_float.o)
 .note.GNU-stack
                0x0000000000000000        0x0 c:/program files/microchip/xc8/v2.36/avr/bin/../lib/gcc/avr/5.4.0/../../../../avr/lib/avr6/memx-const\libc.a(__pop_int.o)
 .note.GNU-stack
                0x0000000000000000        0x0 c:/program files/microchip/xc8/v2.36/avr/bin/../lib/gcc/avr/5.4.0/../../../../avr/lib/avr6/memx-const\libc.a(__pop_ptr.o)
 .note.GNU-stack
                0x0000000000000000        0x0 c:/program files/microchip/xc8/v2.36/avr/bin/../lib/gcc/avr/5.4.0/../../../../avr/lib/avr6/memx-const\libc.a(sprintf.o)
 .note.GNU-stack
                0x0000000000000000        0x0 c:/program files/microchip/xc8/v2.36/avr/bin/../lib/gcc/avr/5.4.0/../../../../avr/lib/avr6/memx-const\libc.a(vsprintf.o)
 .note.GNU-stack
                0x0000000000000000        0x0 c:/program files/microchip/xc8/v2.36/avr/bin/../lib/gcc/avr/5.4.0/../../../../avr/lib/avr6/memx-const\libc.a(atoi.o)
 .note.GNU-stack
                0x0000000000000000        0x0 c:/program files/microchip/xc8/v2.36/avr/bin/../lib/gcc/avr/5.4.0/../../../../avr/lib/avr6/memx-const\libc.a(memset.o)
 .note.GNU-stack
                0x0000000000000000        0x0 c:/program files/microchip/xc8/v2.36/avr/bin/../lib/gcc/avr/5.4.0/../../../../avr/lib/avr6/memx-const\libc.a(strcmp.o)
 .note.GNU-stack
                0x0000000000000000        0x0 c:/program files/microchip/xc8/v2.36/avr/bin/../lib/gcc/avr/5.4.0/../../../../avr/lib/avr6/memx-const\libc.a(strlen.o)
 .note.GNU-stack
                0x0000000000000000        0x0 c:/program files/microchip/xc8/v2.36/avr/bin/../lib/gcc/avr/5.4.0/../../../../avr/lib/avr6/memx-const\libc.a(tolower.o)
 .note.GNU-stack
                0x0000000000000000        0x0 c:/program files/microchip/xc8/v2.36/avr/bin/../lib/gcc/avr/5.4.0/../../../../avr/lib/avr6/memx-const\libc.a(toupper.o)
 .note.GNU-stack
                0x0000000000000000        0x0 c:/program files/microchip/xc8/v2.36/avr/bin/../lib/gcc/avr/5.4.0/../../../../avr/lib/avr6/memx-const\libc.a(errno.o)
 .note.GNU-stack
                0x0000000000000000        0x0 c:/program files/microchip/xc8/v2.36/avr/bin/../lib/gcc/avr/5.4.0/../../../../avr/lib/avr6/memx-const\libc.a(_Exit.o)
 .note.GNU-stack
                0x0000000000000000        0x0 c:/program files/microchip/xc8/v2.36/avr/bin/../lib/gcc/avr/5.4.0/../../../../avr/lib/avr6/memx-const\libc.a(__int_vsprintf.o)
 .note.GNU-stack
                0x0000000000000000        0x0 c:/program files/microchip/xc8/v2.36/avr/bin/../lib/gcc/avr/5.4.0/../../../../avr/lib/avr6/memx-const\libc.a(__int_vsnprintf.o)
 .note.GNU-stack
                0x0000000000000000        0x0 c:/program files/microchip/xc8/v2.36/avr/bin/../lib/gcc/avr/5.4.0/../../../../avr/lib/avr6/memx-const\libc.a(vsnprintf.o)
 .note.GNU-stack
                0x0000000000000000        0x0 c:/program files/microchip/xc8/v2.36/avr/bin/../lib/gcc/avr/5.4.0/../../../../avr/lib/avr6/memx-const\libc.a(vfprintf.o)
 .note.GNU-stack
                0x0000000000000000        0x0 c:/program files/microchip/xc8/v2.36/avr/bin/../lib/gcc/avr/5.4.0/../../../../avr/lib/avr6/memx-const\libc.a(__int_vfprintf.o)
 .note.GNU-stack
                0x0000000000000000        0x0 c:/program files/microchip/xc8/v2.36/avr/bin/../lib/gcc/avr/5.4.0/../../../../avr/lib/avr6/memx-const\libc.a(__fmt_fp.o)
 .note.GNU-stack
                0x0000000000000000        0x0 c:/program files/microchip/xc8/v2.36/avr/bin/../lib/gcc/avr/5.4.0/../../../../avr/lib/avr6/memx-const\libc.a(__fmt_a.o)
 .note.GNU-stack
                0x0000000000000000        0x0 c:/program files/microchip/xc8/v2.36/avr/bin/../lib/gcc/avr/5.4.0/../../../../avr/lib/avr6/memx-const\libc.a(strcpy.o)
 .note.GNU-stack
                0x0000000000000000        0x0 c:/program files/microchip/xc8/v2.36/avr/bin/../lib/gcc/avr/5.4.0/../../../../avr/lib/avr6/memx-const\libm.a(addsf3.o)
 .note.GNU-stack
                0x0000000000000000        0x0 c:/program files/microchip/xc8/v2.36/avr/bin/../lib/gcc/avr/5.4.0/../../../../avr/lib/avr6/memx-const\libm.a(addsf3x.o)
 .note.GNU-stack
                0x0000000000000000        0x0 c:/program files/microchip/xc8/v2.36/avr/bin/../lib/gcc/avr/5.4.0/../../../../avr/lib/avr6/memx-const\libm.a(cmpsf2.o)
 .note.GNU-stack
                0x0000000000000000        0x0 c:/program files/microchip/xc8/v2.36/avr/bin/../lib/gcc/avr/5.4.0/../../../../avr/lib/avr6/memx-const\libm.a(divsf3.o)
 .note.GNU-stack
                0x0000000000000000        0x0 c:/program files/microchip/xc8/v2.36/avr/bin/../lib/gcc/avr/5.4.0/../../../../avr/lib/avr6/memx-const\libm.a(divsf3x.o)
 .note.GNU-stack
                0x0000000000000000        0x0 c:/program files/microchip/xc8/v2.36/avr/bin/../lib/gcc/avr/5.4.0/../../../../avr/lib/avr6/memx-const\libm.a(fixsfsi.o)
 .note.GNU-stack
                0x0000000000000000        0x0 c:/program files/microchip/xc8/v2.36/avr/bin/../lib/gcc/avr/5.4.0/../../../../avr/lib/avr6/memx-const\libm.a(fixunssfsi.o)
 .note.GNU-stack
                0x0000000000000000        0x0 c:/program files/microchip/xc8/v2.36/avr/bin/../lib/gcc/avr/5.4.0/../../../../avr/lib/avr6/memx-const\libm.a(fp_cmp.o)
 .note.GNU-stack
                0x0000000000000000        0x0 c:/program files/microchip/xc8/v2.36/avr/bin/../lib/gcc/avr/5.4.0/../../../../avr/lib/avr6/memx-const\libm.a(fp_inf.o)
 .note.GNU-stack
                0x0000000000000000        0x0 c:/program files/microchip/xc8/v2.36/avr/bin/../lib/gcc/avr/5.4.0/../../../../avr/lib/avr6/memx-const\libm.a(fp_nan.o)
 .note.GNU-stack
                0x0000000000000000        0x0 c:/program files/microchip/xc8/v2.36/avr/bin/../lib/gcc/avr/5.4.0/../../../../avr/lib/avr6/memx-const\libm.a(fp_pscA.o)
 .note.GNU-stack
                0x0000000000000000        0x0 c:/program files/microchip/xc8/v2.36/avr/bin/../lib/gcc/avr/5.4.0/../../../../avr/lib/avr6/memx-const\libm.a(fp_pscB.o)
 .note.GNU-stack
                0x0000000000000000        0x0 c:/program files/microchip/xc8/v2.36/avr/bin/../lib/gcc/avr/5.4.0/../../../../avr/lib/avr6/memx-const\libm.a(fp_round.o)
 .note.GNU-stack
                0x0000000000000000        0x0 c:/program files/microchip/xc8/v2.36/avr/bin/../lib/gcc/avr/5.4.0/../../../../avr/lib/avr6/memx-const\libm.a(fp_split3.o)
 .note.GNU-stack
                0x0000000000000000        0x0 c:/program files/microchip/xc8/v2.36/avr/bin/../lib/gcc/avr/5.4.0/../../../../avr/lib/avr6/memx-const\libm.a(fp_zero.o)
 .note.GNU-stack
                0x0000000000000000        0x0 c:/program files/microchip/xc8/v2.36/avr/bin/../lib/gcc/avr/5.4.0/../../../../avr/lib/avr6/memx-const\libm.a(gesf2.o)
 .note.GNU-stack
                0x0000000000000000        0x0 c:/program files/microchip/xc8/v2.36/avr/bin/../lib/gcc/avr/5.4.0/../../../../avr/lib/avr6/memx-const\libm.a(mulsf3.o)
 .note.GNU-stack
                0x0000000000000000        0x0 c:/program files/microchip/xc8/v2.36/avr/bin/../lib/gcc/avr/5.4.0/../../../../avr/lib/avr6/memx-const\libm.a(mulsf3x.o)
 .note.GNU-stack
                0x0000000000000000        0x0 c:/program files/microchip/xc8/v2.36/avr/bin/../lib/gcc/avr/5.4.0/../../../../avr/lib/avr6/memx-const\libm.a(floorf.o)
 .note.GNU-stack
                0x0000000000000000        0x0 c:/program files/microchip/xc8/v2.36/avr/bin/../lib/gcc/avr/5.4.0/../../../../avr/lib/avr6/memx-const\libm.a(fmaf.o)

.note.gnu.build-id
 *(.note.gnu.build-id)

.debug
 *(.debug)

.line
 *(.line)

.debug_srcinfo
 *(.debug_srcinfo)

.debug_sfnames
 *(.debug_sfnames)

.debug_aranges  0x0000000000000000      0x170
 *(.debug_aranges)
 .debug_aranges
                0x0000000000000000       0x20 main.o
 .debug_aranges
                0x0000000000000020       0x68 src/Board_V2_2.o
 .debug_aranges
                0x0000000000000088       0x48 src/Command_Line_Functions.o
 .debug_aranges
                0x00000000000000d0       0xa0 src/FLASH_NAND_MEMORY.o

.debug_pubnames
 *(.debug_pubnames)

.debug_info     0x0000000000000000     0x2a2d
 *(.debug_info .gnu.linkonce.wi.*)
 .debug_info    0x0000000000000000      0xbbc C:/Program Files (x86)/Atmel/Studio/7.0/Packs/atmel/ATmega_DFP/1.7.374/xc8/avr/lib/avr6/memx-const/crtatmega2560.o
 .debug_info    0x0000000000000bbc      0x553 main.o
 .debug_info    0x000000000000110f      0x494 src/Board_V2_2.o
 .debug_info    0x00000000000015a3      0x926 src/Command_Line_Functions.o
 .debug_info    0x0000000000001ec9      0xb64 src/FLASH_NAND_MEMORY.o

.debug_abbrev   0x0000000000000000     0x1150
 *(.debug_abbrev)
 .debug_abbrev  0x0000000000000000      0xb1a C:/Program Files (x86)/Atmel/Studio/7.0/Packs/atmel/ATmega_DFP/1.7.374/xc8/avr/lib/avr6/memx-const/crtatmega2560.o
 .debug_abbrev  0x0000000000000b1a      0x12d main.o
 .debug_abbrev  0x0000000000000c47      0x124 src/Board_V2_2.o
 .debug_abbrev  0x0000000000000d6b      0x171 src/Command_Line_Functions.o
 .debug_abbrev  0x0000000000000edc      0x274 src/FLASH_NAND_MEMORY.o

.debug_line     0x0000000000000000     0x12fe
 *(.debug_line .debug_line.* .debug_line_end)
 .debug_line    0x0000000000000000      0x1fd C:/Program Files (x86)/Atmel/Studio/7.0/Packs/atmel/ATmega_DFP/1.7.374/xc8/avr/lib/avr6/memx-const/crtatmega2560.o
 .debug_line    0x00000000000001fd      0x179 main.o
 .debug_line    0x0000000000000376      0x27d src/Board_V2_2.o
 .debug_line    0x00000000000005f3      0x489 src/Command_Line_Functions.o
 .debug_line    0x0000000000000a7c      0x882 src/FLASH_NAND_MEMORY.o

.debug_frame    0x0000000000000000      0x444
 *(.debug_frame)
 .debug_frame   0x0000000000000000       0x24 main.o
 .debug_frame   0x0000000000000024       0xd0 src/Board_V2_2.o
 .debug_frame   0x00000000000000f4      0x1a4 src/Command_Line_Functions.o
 .debug_frame   0x0000000000000298      0x1ac src/FLASH_NAND_MEMORY.o

.debug_str      0x0000000000000000      0x4af
 *(.debug_str)
 .debug_str     0x0000000000000000      0x3e6 C:/Program Files (x86)/Atmel/Studio/7.0/Packs/atmel/ATmega_DFP/1.7.374/xc8/avr/lib/avr6/memx-const/crtatmega2560.o
 .debug_str     0x00000000000003e6       0x8d main.o
 .debug_str     0x0000000000000473        0x0 src/Board_V2_2.o
 .debug_str     0x0000000000000473       0x31 src/Command_Line_Functions.o
 .debug_str     0x00000000000004a4        0xb src/FLASH_NAND_MEMORY.o

.debug_loc      0x0000000000000000      0xa53
 *(.debug_loc)
 .debug_loc     0x0000000000000000       0xb6 src/Board_V2_2.o
 .debug_loc     0x00000000000000b6      0x54a src/Command_Line_Functions.o
 .debug_loc     0x0000000000000600      0x453 src/FLASH_NAND_MEMORY.o

.debug_macinfo
 *(.debug_macinfo)

.debug_weaknames
 *(.debug_weaknames)

.debug_funcnames
 *(.debug_funcnames)

.debug_typenames
 *(.debug_typenames)

.debug_varnames
 *(.debug_varnames)

.debug_pubtypes
 *(.debug_pubtypes)

.debug_ranges   0x0000000000000000      0x1a8
 *(.debug_ranges)
 .debug_ranges  0x0000000000000000       0x10 main.o
 .debug_ranges  0x0000000000000010       0x58 src/Board_V2_2.o
 .debug_ranges  0x0000000000000068       0x80 src/Command_Line_Functions.o
 .debug_ranges  0x00000000000000e8       0xc0 src/FLASH_NAND_MEMORY.o

.debug_macro
 *(.debug_macro)
OUTPUT(Flash_Memory_Management.elf elf32-avr)
LOAD linker stubs
LOAD data_init

.note.gnu.avr.deviceinfo
                0x0000000000000000       0x40
 .note.gnu.avr.deviceinfo
                0x0000000000000000       0x40 C:/Program Files (x86)/Atmel/Studio/7.0/Packs/atmel/ATmega_DFP/1.7.374/xc8/avr/lib/avr6/memx-const/crtatmega2560.o

.bss.input_counter
                0x0000000000800458        0x2
 .bss.input_counter
                0x0000000000800458        0x2 src/Command_Line_Functions.o
                0x0000000000800458                input_counter

.bss.arr_address
                0x000000000080045a        0x2
 .bss.arr_address
                0x000000000080045a        0x2 src/Command_Line_Functions.o
                0x000000000080045a                arr_address

.progmemx.data  0x000000000000017a      0x287
 .progmemx.data
                0x000000000000017a      0x287 src/Command_Line_Functions.o

.progmemx.data  0x0000000000000401       0xe5
 .progmemx.data
                0x0000000000000401       0xe5 src/FLASH_NAND_MEMORY.o

.progmemx.data.state_table
                0x00000000000004e6       0x16
 .progmemx.data.state_table
                0x00000000000004e6       0x16 c:/program files/microchip/xc8/v2.36/avr/bin/../lib/gcc/avr/5.4.0/../../../../avr/lib/avr6/memx-const\libc.a(__printf_core.o)

.progmemx.data  0x00000000000004fc       0x13
 .progmemx.data
                0x00000000000004fc       0x13 main.o

.progmemx.data  0x000000000000050f       0x10
 .progmemx.data
                0x000000000000050f       0x10 c:/program files/microchip/xc8/v2.36/avr/bin/../lib/gcc/avr/5.4.0/../../../../avr/lib/avr6/memx-const\libc.a(__fmt_fp.o)

.progmemx.data  0x000000000000051f       0x10
 .progmemx.data
                0x000000000000051f       0x10 c:/program files/microchip/xc8/v2.36/avr/bin/../lib/gcc/avr/5.4.0/../../../../avr/lib/avr6/memx-const\libc.a(__fmt_a.o)

.progmemx.data  0x000000000000052f        0x7
 .progmemx.data
                0x000000000000052f        0x7 c:/program files/microchip/xc8/v2.36/avr/bin/../lib/gcc/avr/5.4.0/../../../../avr/lib/avr6/memx-const\libc.a(__fmt_s.o)

.progmemx.data  0x0000000000000536        0x6
 .progmemx.data
                0x0000000000000536        0x6 c:/program files/microchip/xc8/v2.36/avr/bin/../lib/gcc/avr/5.4.0/../../../../avr/lib/avr6/memx-const\libc.a(__printf_core.o)

.text.__printf_core
                0x000000000000053c      0x832
 .text.__printf_core
                0x000000000000053c      0x832 c:/program files/microchip/xc8/v2.36/avr/bin/../lib/gcc/avr/5.4.0/../../../../avr/lib/avr6/memx-const\libc.a(__printf_core.o)
                0x000000000000053c                __printf_core

.text.__fmt_fp  0x0000000000000d6e      0x6ba
 .text.__fmt_fp
                0x0000000000000d6e      0x6ba c:/program files/microchip/xc8/v2.36/avr/bin/../lib/gcc/avr/5.4.0/../../../../avr/lib/avr6/memx-const\libc.a(__fmt_fp.o)
                0x0000000000000d6e                __fmt_f_needed
                0x0000000000000d6e                __fmt_fp

.text.__fmt_a   0x0000000000001428      0x65c
 .text.__fmt_a  0x0000000000001428      0x65c c:/program files/microchip/xc8/v2.36/avr/bin/../lib/gcc/avr/5.4.0/../../../../avr/lib/avr6/memx-const\libc.a(__fmt_a.o)
                0x0000000000001428                __fmt_a_needed
                0x0000000000001428                __fmt_a

.text.__fmt_x   0x0000000000001a84      0x280
 .text.__fmt_x  0x0000000000001a84      0x280 c:/program files/microchip/xc8/v2.36/avr/bin/../lib/gcc/avr/5.4.0/../../../../avr/lib/avr6/memx-const\libc.a(__fmt_x.o)
                0x0000000000001a84                __fmt_x_needed
                0x0000000000001a84                __fmt_x

.text.ExecuteCommand
                0x0000000000001d04      0x26c
 .text.ExecuteCommand
                0x0000000000001d04      0x26c src/Command_Line_Functions.o
                0x0000000000001d04                ExecuteCommand

.text.__fmt_d   0x0000000000001f70      0x17e
 .text.__fmt_d  0x0000000000001f70      0x17e c:/program files/microchip/xc8/v2.36/avr/bin/../lib/gcc/avr/5.4.0/../../../../avr/lib/avr6/memx-const\libc.a(__fmt_d.o)
                0x0000000000001f70                __fmt_d
                0x0000000000001f70                __fmt_d_needed

.text.__pop_int
                0x00000000000020ee      0x172
 .text.__pop_int
                0x00000000000020ee      0x172 c:/program files/microchip/xc8/v2.36/avr/bin/../lib/gcc/avr/5.4.0/../../../../avr/lib/avr6/memx-const\libc.a(__pop_int.o)
                0x00000000000020ee                __pop_int_needed
                0x00000000000020ee                __pop_int

.text.COLUMN_BLOCK_PAGE_ADDRESSER
                0x0000000000002260      0x150
 .text.COLUMN_BLOCK_PAGE_ADDRESSER
                0x0000000000002260      0x150 src/Command_Line_Functions.o
                0x0000000000002260                COLUMN_BLOCK_PAGE_ADDRESSER

.text.__cvt_u   0x00000000000023b0      0x14a
 .text.__cvt_u  0x00000000000023b0      0x14a c:/program files/microchip/xc8/v2.36/avr/bin/../lib/gcc/avr/5.4.0/../../../../avr/lib/avr6/memx-const\libc.a(__fmt_u.o)
                0x00000000000023b0                __cvt_u

.text.fmaf      0x00000000000024fa      0x13c
 .text.fmaf     0x00000000000024fa      0x13c c:/program files/microchip/xc8/v2.36/avr/bin/../lib/gcc/avr/5.4.0/../../../../avr/lib/avr6/memx-const\libm.a(fmaf.o)
                0x00000000000024fa                fmaf

.text.floorf    0x0000000000002636      0x132
 .text.floorf   0x0000000000002636      0x132 c:/program files/microchip/xc8/v2.36/avr/bin/../lib/gcc/avr/5.4.0/../../../../avr/lib/avr6/memx-const\libm.a(floorf.o)
                0x0000000000002636                floorf

.text.__pad     0x0000000000002768      0x10e
 .text.__pad    0x0000000000002768      0x10e c:/program files/microchip/xc8/v2.36/avr/bin/../lib/gcc/avr/5.4.0/../../../../avr/lib/avr6/memx-const\libc.a(__printf_core.o)
                0x0000000000002768                __pad

.text           0x0000000000002876       0xde
 .text          0x0000000000002876       0xde c:/program files/microchip/xc8/v2.36/avr/bin/../lib/gcc/avr/5.4.0/../../../../avr/lib/avr6/memx-const\libm.a(divsf3x.o)
                0x0000000000002876                __divsf3x
                0x000000000000289e                __divsf3_pse

.text.__pop_ptr
                0x0000000000002954       0xd8
 .text.__pop_ptr
                0x0000000000002954       0xd8 c:/program files/microchip/xc8/v2.36/avr/bin/../lib/gcc/avr/5.4.0/../../../../avr/lib/avr6/memx-const\libc.a(__pop_ptr.o)
                0x0000000000002954                __pop_ptr
                0x0000000000002954                __pop_ptr_needed

.text.__fmt_o   0x0000000000002a2c       0xd4
 .text.__fmt_o  0x0000000000002a2c       0xd4 c:/program files/microchip/xc8/v2.36/avr/bin/../lib/gcc/avr/5.4.0/../../../../avr/lib/avr6/memx-const\libc.a(__fmt_o.o)
                0x0000000000002a2c                __fmt_o
                0x0000000000002a2c                __fmt_o_needed

.text           0x0000000000002b00       0xd4
 .text          0x0000000000002b00       0xd4 c:/program files/microchip/xc8/v2.36/avr/bin/../lib/gcc/avr/5.4.0/../../../../avr/lib/avr6/memx-const\libm.a(mulsf3x.o)
                0x0000000000002b00                __mulsf3x
                0x0000000000002b26                __mulsf3_pse

.text           0x0000000000002bd4       0xce
 .text          0x0000000000002bd4       0xce c:/program files/microchip/xc8/v2.36/avr/bin/../lib/gcc/avr/5.4.0/../../../../avr/lib/avr6/memx-const\libm.a(addsf3x.o)
                0x0000000000002bd4                __addsf3x

.text.__fmt_s   0x0000000000002ca2       0xca
 .text.__fmt_s  0x0000000000002ca2       0xca c:/program files/microchip/xc8/v2.36/avr/bin/../lib/gcc/avr/5.4.0/../../../../avr/lib/avr6/memx-const\libc.a(__fmt_s.o)
                0x0000000000002ca2                __fmt_s
                0x0000000000002ca2                __fmt_0_needed
                0x0000000000002ca2                __fmt_s_needed

.text.HEX_Verification
                0x0000000000002d6c       0xbc
 .text.HEX_Verification
                0x0000000000002d6c       0xbc src/Command_Line_Functions.o
                0x0000000000002d6c                HEX_Verification

.text.UserInput
                0x0000000000002e28       0xbc
 .text.UserInput
                0x0000000000002e28       0xbc src/Command_Line_Functions.o
                0x0000000000002e28                UserInput

.text.__fmt_u   0x0000000000002ee4       0xb0
 .text.__fmt_u  0x0000000000002ee4       0xb0 c:/program files/microchip/xc8/v2.36/avr/bin/../lib/gcc/avr/5.4.0/../../../../avr/lib/avr6/memx-const\libc.a(__fmt_u.o)
                0x0000000000002ee4                __fmt_u_needed
                0x0000000000002ee4                __fmt_u

.text.Print_To_User
                0x0000000000002f94       0xac
 .text.Print_To_User
                0x0000000000002f94       0xac src/Command_Line_Functions.o
                0x0000000000002f94                Print_To_User

.text.FLASH_MainArray_Address
                0x0000000000003040       0xa6
 .text.FLASH_MainArray_Address
                0x0000000000003040       0xa6 src/FLASH_NAND_MEMORY.o
                0x0000000000003040                FLASH_MainArray_Address

.text.__fmt_state
                0x00000000000030e6       0xa4
 .text.__fmt_state
                0x00000000000030e6       0xa4 c:/program files/microchip/xc8/v2.36/avr/bin/../lib/gcc/avr/5.4.0/../../../../avr/lib/avr6/memx-const\libc.a(__printf_core.o)
                0x00000000000030e6                __fmt_state

.text.__vsnprintf
                0x000000000000318a       0xa4
 .text.__vsnprintf
                0x000000000000318a       0xa4 c:/program files/microchip/xc8/v2.36/avr/bin/../lib/gcc/avr/5.4.0/../../../../avr/lib/avr6/memx-const\libc.a(__int_vsnprintf.o)
                0x000000000000318a                __vsnprintf

.text.vsnprintf
                0x000000000000322e       0xa4
 .text.vsnprintf
                0x000000000000322e       0xa4 c:/program files/microchip/xc8/v2.36/avr/bin/../lib/gcc/avr/5.4.0/../../../../avr/lib/avr6/memx-const\libc.a(vsnprintf.o)
                0x000000000000322e                vsnprintf

.text.libgcc.div
                0x00000000000032d2       0xa2
 .text.libgcc.div
                0x00000000000032d2       0xa2 c:/program files/microchip/xc8/v2.36/avr/bin/../lib/gcc/avr/5.4.0/avr6/memx-const\libgcc.a(_udivmod64.o)
                0x00000000000032d2                __udivmod64

.text.fputc     0x0000000000003374       0x92
 .text.fputc    0x0000000000003374       0x92 c:/program files/microchip/xc8/v2.36/avr/bin/../lib/gcc/avr/5.4.0/../../../../avr/lib/avr6/memx-const\libc.a(fputc.o)
                0x0000000000003374                fputc
                0x0000000000003374                putc

.text.FLASH_Status
                0x0000000000003406       0x8e
 .text.FLASH_Status
                0x0000000000003406       0x8e src/FLASH_NAND_MEMORY.o
                0x0000000000003406                FLASH_Status

.text.FLASH_ID  0x0000000000003494       0x8c
 .text.FLASH_ID
                0x0000000000003494       0x8c src/FLASH_NAND_MEMORY.o
                0x0000000000003494                FLASH_ID

.text.atoi      0x0000000000003520       0x8c
 .text.atoi     0x0000000000003520       0x8c c:/program files/microchip/xc8/v2.36/avr/bin/../lib/gcc/avr/5.4.0/../../../../avr/lib/avr6/memx-const\libc.a(atoi.o)
                0x0000000000003520                atoi

.text.FLASH_Page_Program
                0x00000000000035ac       0x78
 .text.FLASH_Page_Program
                0x00000000000035ac       0x78 src/FLASH_NAND_MEMORY.o
                0x00000000000035ac                FLASH_Page_Program

.text.NAND_Address_Checker
                0x0000000000003624       0x74
 .text.NAND_Address_Checker
                0x0000000000003624       0x74 src/Command_Line_Functions.o
                0x0000000000003624                NAND_Address_Checker

.text.FLASH_Data_Storage
                0x0000000000003698       0x6e
 .text.FLASH_Data_Storage
                0x0000000000003698       0x6e src/FLASH_NAND_MEMORY.o
                0x0000000000003698                FLASH_Data_Storage

.text.__out     0x0000000000003706       0x6a
 .text.__out    0x0000000000003706       0x6a c:/program files/microchip/xc8/v2.36/avr/bin/../lib/gcc/avr/5.4.0/../../../../avr/lib/avr6/memx-const\libc.a(__printf_core.o)
                0x0000000000003706                __out

.text.SLAVE_CS_Deselect
                0x0000000000003770       0x62
 .text.SLAVE_CS_Deselect
                0x0000000000003770       0x62 src/Board_V2_2.o
                0x0000000000003770                SLAVE_CS_Deselect

.text           0x00000000000037d2       0x5e
 .text          0x00000000000037d2       0x5e c:/program files/microchip/xc8/v2.36/avr/bin/../lib/gcc/avr/5.4.0/../../../../avr/lib/avr6/memx-const\libm.a(fixunssfsi.o)
                0x00000000000037d2                __fixunssfsi

.text.CLEAR_ARR
                0x0000000000003830       0x5c
 .text.CLEAR_ARR
                0x0000000000003830       0x5c src/FLASH_NAND_MEMORY.o
                0x0000000000003830                CLEAR_ARR

.text.FLASH_Column_Address
                0x000000000000388c       0x5c
 .text.FLASH_Column_Address
                0x000000000000388c       0x5c src/FLASH_NAND_MEMORY.o
                0x000000000000388c                FLASH_Column_Address

.text.FLASH_Para_Pg
                0x00000000000038e8       0x58
 .text.FLASH_Para_Pg
                0x00000000000038e8       0x58 src/FLASH_NAND_MEMORY.o
                0x00000000000038e8                FLASH_Para_Pg

.text.FLASH_Read_From_Cache_x1
                0x0000000000003940       0x54
 .text.FLASH_Read_From_Cache_x1
                0x0000000000003940       0x54 src/FLASH_NAND_MEMORY.o
                0x0000000000003940                FLASH_Read_From_Cache_x1

.text.USART_Data
                0x0000000000003994       0x4c
 .text.USART_Data
                0x0000000000003994       0x4c src/Board_V2_2.o
                0x0000000000003994                USART_Data

.text.FLASH_Program_Execute
                0x00000000000039e0       0x4a
 .text.FLASH_Program_Execute
                0x00000000000039e0       0x4a src/FLASH_NAND_MEMORY.o
                0x00000000000039e0                FLASH_Program_Execute

.text.FLASH_Page_Read
                0x0000000000003a2a       0x4a
 .text.FLASH_Page_Read
                0x0000000000003a2a       0x4a src/FLASH_NAND_MEMORY.o
                0x0000000000003a2a                FLASH_Page_Read

.text           0x0000000000003a74       0x48
 .text          0x0000000000003a74       0x48 c:/program files/microchip/xc8/v2.36/avr/bin/../lib/gcc/avr/5.4.0/../../../../avr/lib/avr6/memx-const\libm.a(fp_cmp.o)
                0x0000000000003a74                __fp_cmp

.text.main      0x0000000000003abc       0x44
 .text.main     0x0000000000003abc       0x44 main.o
                0x0000000000003abc                main

.text.strcmp    0x0000000000003b00       0x44
 .text.strcmp   0x0000000000003b00       0x44 c:/program files/microchip/xc8/v2.36/avr/bin/../lib/gcc/avr/5.4.0/../../../../avr/lib/avr6/memx-const\libc.a(strcmp.o)
                0x0000000000003b00                strcmp

.text           0x0000000000003b44       0x44
 .text          0x0000000000003b44       0x44 c:/program files/microchip/xc8/v2.36/avr/bin/../lib/gcc/avr/5.4.0/../../../../avr/lib/avr6/memx-const\libm.a(fp_split3.o)
                0x0000000000003b44                __fp_split3
                0x0000000000003b54                __fp_splitA

.text.__pop_float
                0x0000000000003b88       0x40
 .text.__pop_float
                0x0000000000003b88       0x40 c:/program files/microchip/xc8/v2.36/avr/bin/../lib/gcc/avr/5.4.0/../../../../avr/lib/avr6/memx-const\libc.a(__pop_float.o)
                0x0000000000003b88                __pop_float_needed
                0x0000000000003b88                __pop_float

.text.libgcc.builtins
                0x0000000000003bc8       0x3c
 .text.libgcc.builtins
                0x0000000000003bc8       0x3c c:/program files/microchip/xc8/v2.36/avr/bin/../lib/gcc/avr/5.4.0/avr6/memx-const\libgcc.a(_ashrdi3.o)
                0x0000000000003bc8                __ashrdi3
                0x0000000000003bcc                __lshrdi3

.text.libgcc.prologue
                0x0000000000003c04       0x38
 .text.libgcc.prologue
                0x0000000000003c04       0x38 c:/program files/microchip/xc8/v2.36/avr/bin/../lib/gcc/avr/5.4.0/avr6/memx-const\libgcc.a(_prologue.o)
                0x0000000000003c04                __prologue_saves__

.text.USART_Init
                0x0000000000003c3c       0x36
 .text.USART_Init
                0x0000000000003c3c       0x36 src/Board_V2_2.o
                0x0000000000003c3c                USART_Init

.text.libgcc.prologue
                0x0000000000003c72       0x36
 .text.libgcc.prologue
                0x0000000000003c72       0x36 c:/program files/microchip/xc8/v2.36/avr/bin/../lib/gcc/avr/5.4.0/avr6/memx-const\libgcc.a(_epilogue.o)
                0x0000000000003c72                __epilogue_restores__

.text.FLASH_Block_Erase
                0x0000000000003ca8       0x34
 .text.FLASH_Block_Erase
                0x0000000000003ca8       0x34 src/FLASH_NAND_MEMORY.o
                0x0000000000003ca8                FLASH_Block_Erase

.text.vfprintf  0x0000000000003cdc       0x30
 .text.vfprintf
                0x0000000000003cdc       0x30 c:/program files/microchip/xc8/v2.36/avr/bin/../lib/gcc/avr/5.4.0/../../../../avr/lib/avr6/memx-const\libc.a(vfprintf.o)
                0x0000000000003cdc                vfprintf

.text.__vfprintf
                0x0000000000003d0c       0x30
 .text.__vfprintf
                0x0000000000003d0c       0x30 c:/program files/microchip/xc8/v2.36/avr/bin/../lib/gcc/avr/5.4.0/../../../../avr/lib/avr6/memx-const\libc.a(__int_vfprintf.o)
                0x0000000000003d0c                __vfprintf

.text.FLASH_Write_Enable
                0x0000000000003d3c       0x28
 .text.FLASH_Write_Enable
                0x0000000000003d3c       0x28 src/FLASH_NAND_MEMORY.o
                0x0000000000003d3c                FLASH_Write_Enable

.text.FLASH_Write_Disable
                0x0000000000003d64       0x28
 .text.FLASH_Write_Disable
                0x0000000000003d64       0x28 src/FLASH_NAND_MEMORY.o
                0x0000000000003d64                FLASH_Write_Disable

.text.libgcc.div
                0x0000000000003d8c       0x28
 .text.libgcc.div
                0x0000000000003d8c       0x28 c:/program files/microchip/xc8/v2.36/avr/bin/../lib/gcc/avr/5.4.0/avr6/memx-const\libgcc.a(_divmodhi4.o)
                0x0000000000003d8c                _div
                0x0000000000003d8c                __divmodhi4

.text.libgcc.div
                0x0000000000003db4       0x28
 .text.libgcc.div
                0x0000000000003db4       0x28 c:/program files/microchip/xc8/v2.36/avr/bin/../lib/gcc/avr/5.4.0/avr6/memx-const\libgcc.a(_udivmodhi4.o)
                0x0000000000003db4                __udivmodhi4

.text.VOLTAGE_Translator_Init
                0x0000000000003ddc       0x26
 .text.VOLTAGE_Translator_Init
                0x0000000000003ddc       0x26 src/Board_V2_2.o
                0x0000000000003ddc                VOLTAGE_Translator_Init

.text.__wrap_sprintf
                0x0000000000003e02       0x26
 .text.__wrap_sprintf
                0x0000000000003e02       0x26 c:/program files/microchip/xc8/v2.36/avr/bin/../lib/gcc/avr/5.4.0/../../../../avr/lib/avr6/memx-const\libc.a(__sio_sprintf_doux.o)
                0x0000000000003e02                _sprintf_cdnopuxX

.text.sprintf   0x0000000000003e28       0x26
 .text.sprintf  0x0000000000003e28       0x26 c:/program files/microchip/xc8/v2.36/avr/bin/../lib/gcc/avr/5.4.0/../../../../avr/lib/avr6/memx-const\libc.a(sprintf.o)
                0x0000000000003e28                sprintf

.text.SPI_MASTER_Init
                0x0000000000003e4e       0x24
 .text.SPI_MASTER_Init
                0x0000000000003e4e       0x24 src/FLASH_NAND_MEMORY.o
                0x0000000000003e4e                SPI_MASTER_Init

.text.strlen    0x0000000000003e72       0x24
 .text.strlen   0x0000000000003e72       0x24 c:/program files/microchip/xc8/v2.36/avr/bin/../lib/gcc/avr/5.4.0/../../../../avr/lib/avr6/memx-const\libc.a(strlen.o)
                0x0000000000003e72                strlen

.text.FLASH_Reset
                0x0000000000003e96       0x22
 .text.FLASH_Reset
                0x0000000000003e96       0x22 src/FLASH_NAND_MEMORY.o
                0x0000000000003e96                FLASH_Reset

.text           0x0000000000003eb8       0x22
 .text          0x0000000000003eb8       0x22 c:/program files/microchip/xc8/v2.36/avr/bin/../lib/gcc/avr/5.4.0/../../../../avr/lib/avr6/memx-const\libm.a(fp_round.o)
                0x0000000000003eb8                __fp_round

.text.libgcc    0x0000000000003eda       0x20
 .text.libgcc   0x0000000000003eda       0x20 c:/program files/microchip/xc8/v2.36/avr/bin/../lib/gcc/avr/5.4.0/avr6/memx-const\libgcc.a(_negdi2.o)
                0x0000000000003eda                __negdi2

.text.strcpy    0x0000000000003efa       0x1c
 .text.strcpy   0x0000000000003efa       0x1c c:/program files/microchip/xc8/v2.36/avr/bin/../lib/gcc/avr/5.4.0/../../../../avr/lib/avr6/memx-const\libc.a(strcpy.o)
                0x0000000000003efa                strcpy

.text.libgcc.div
                0x0000000000003f16       0x1c
 .text.libgcc.div
                0x0000000000003f16       0x1c c:/program files/microchip/xc8/v2.36/avr/bin/../lib/gcc/avr/5.4.0/avr6/memx-const\libgcc.a(_udivdi3.o)
                0x0000000000003f16                __umoddi3
                0x0000000000003f1a                __udivdi3
                0x0000000000003f1c                __udivdi3_umoddi3

.text.libgcc    0x0000000000003f32       0x1c
 .text.libgcc   0x0000000000003f32       0x1c c:/program files/microchip/xc8/v2.36/avr/bin/../lib/gcc/avr/5.4.0/avr6/memx-const\libgcc.a(_movmemx.o)
                0x0000000000003f32                __movmemx_qi
                0x0000000000003f34                __movmemx_hi

.text.vsprintf  0x0000000000003f4e       0x18
 .text.vsprintf
                0x0000000000003f4e       0x18 c:/program files/microchip/xc8/v2.36/avr/bin/../lib/gcc/avr/5.4.0/../../../../avr/lib/avr6/memx-const\libc.a(vsprintf.o)
                0x0000000000003f4e                vsprintf

.text.__vsprintf
                0x0000000000003f66       0x18
 .text.__vsprintf
                0x0000000000003f66       0x18 c:/program files/microchip/xc8/v2.36/avr/bin/../lib/gcc/avr/5.4.0/../../../../avr/lib/avr6/memx-const\libc.a(__int_vsprintf.o)
                0x0000000000003f66                __vsprintf

.text.libgcc    0x0000000000003f7e       0x18
 .text.libgcc   0x0000000000003f7e       0x18 c:/program files/microchip/xc8/v2.36/avr/bin/../lib/gcc/avr/5.4.0/avr6/memx-const\libgcc.a(_cmpdi2_s8.o)
                0x0000000000003f7e                __cmpdi2_s8

.text.libgcc    0x0000000000003f96       0x18
 .text.libgcc   0x0000000000003f96       0x18 c:/program files/microchip/xc8/v2.36/avr/bin/../lib/gcc/avr/5.4.0/avr6/memx-const\libgcc.a(_adddi3_s8.o)
                0x0000000000003f96                __adddi3_s8

.text.LED_Init  0x0000000000003fae       0x16
 .text.LED_Init
                0x0000000000003fae       0x16 src/Board_V2_2.o
                0x0000000000003fae                LED_Init

.text.exit      0x0000000000003fc4       0x16
 .text.exit     0x0000000000003fc4       0x16 c:/program files/microchip/xc8/v2.36/avr/bin/../lib/gcc/avr/5.4.0/../../../../avr/lib/avr6/memx-const\libc.a(exit.o)
                0x0000000000003fc4                exit

.text.memset    0x0000000000003fda       0x12
 .text.memset   0x0000000000003fda       0x12 c:/program files/microchip/xc8/v2.36/avr/bin/../lib/gcc/avr/5.4.0/../../../../avr/lib/avr6/memx-const\libc.a(memset.o)
                0x0000000000003fda                memset

.text.toupper   0x0000000000003fec       0x12
 .text.toupper  0x0000000000003fec       0x12 c:/program files/microchip/xc8/v2.36/avr/bin/../lib/gcc/avr/5.4.0/../../../../avr/lib/avr6/memx-const\libc.a(toupper.o)
                0x0000000000003fec                toupper

.text.tolower   0x0000000000003ffe       0x10
 .text.tolower  0x0000000000003ffe       0x10 c:/program files/microchip/xc8/v2.36/avr/bin/../lib/gcc/avr/5.4.0/../../../../avr/lib/avr6/memx-const\libc.a(tolower.o)
                0x0000000000003ffe                tolower

.text.USART_TX_Data
                0x000000000000400e        0xe
 .text.USART_TX_Data
                0x000000000000400e        0xe src/Board_V2_2.o
                0x000000000000400e                USART_TX_Data

.text.USART_RX_Data
                0x000000000000401c        0xe
 .text.USART_RX_Data
                0x000000000000401c        0xe src/Board_V2_2.o
                0x000000000000401c                USART_RX_Data

.text.LED_Red_Toggle
                0x000000000000402a        0xe
 .text.LED_Red_Toggle
                0x000000000000402a        0xe src/Board_V2_2.o
                0x000000000000402a                LED_Red_Toggle

.text.LED_Green_Toggle
                0x0000000000004038        0xe
 .text.LED_Green_Toggle
                0x0000000000004038        0xe src/Board_V2_2.o
                0x0000000000004038                LED_Green_Toggle

.text.libgcc    0x0000000000004046        0xe
 .text.libgcc   0x0000000000004046        0xe c:/program files/microchip/xc8/v2.36/avr/bin/../lib/gcc/avr/5.4.0/avr6/memx-const\libgcc.a(_xload_1.o)
                0x0000000000004046                __xload_1

.text           0x0000000000004054        0xe
 .text          0x0000000000004054        0xe c:/program files/microchip/xc8/v2.36/avr/bin/../lib/gcc/avr/5.4.0/../../../../avr/lib/avr6/memx-const\libm.a(addsf3.o)
                0x0000000000004054                __subsf3
                0x0000000000004056                __addsf3

.text           0x0000000000004062        0xe
 .text          0x0000000000004062        0xe c:/program files/microchip/xc8/v2.36/avr/bin/../lib/gcc/avr/5.4.0/../../../../avr/lib/avr6/memx-const\libm.a(fixsfsi.o)
                0x0000000000004062                __fixsfsi

.text           0x0000000000004070        0xe
 .text          0x0000000000004070        0xe c:/program files/microchip/xc8/v2.36/avr/bin/../lib/gcc/avr/5.4.0/../../../../avr/lib/avr6/memx-const\libm.a(fp_pscA.o)
                0x0000000000004070                __fp_pscA

.text           0x000000000000407e        0xe
 .text          0x000000000000407e        0xe c:/program files/microchip/xc8/v2.36/avr/bin/../lib/gcc/avr/5.4.0/../../../../avr/lib/avr6/memx-const\libm.a(fp_pscB.o)
                0x000000000000407e                __fp_pscB

.text           0x000000000000408c        0xe
 .text          0x000000000000408c        0xe c:/program files/microchip/xc8/v2.36/avr/bin/../lib/gcc/avr/5.4.0/../../../../avr/lib/avr6/memx-const\libm.a(fp_zero.o)
                0x000000000000408c                __fp_zero
                0x000000000000408e                __fp_szero

.text           0x000000000000409a        0xc
 .text          0x000000000000409a        0xc c:/program files/microchip/xc8/v2.36/avr/bin/../lib/gcc/avr/5.4.0/../../../../avr/lib/avr6/memx-const\libm.a(fp_inf.o)
                0x000000000000409a                __fp_inf

.text           0x00000000000040a6        0xa
 .text          0x00000000000040a6        0xa c:/program files/microchip/xc8/v2.36/avr/bin/../lib/gcc/avr/5.4.0/../../../../avr/lib/avr6/memx-const\libm.a(cmpsf2.o)
                0x00000000000040a6                __nesf2
                0x00000000000040a6                __eqsf2
                0x00000000000040a6                __cmpsf2
                0x00000000000040a6                __ltsf2
                0x00000000000040a6                __lesf2

.text           0x00000000000040b0        0xa
 .text          0x00000000000040b0        0xa c:/program files/microchip/xc8/v2.36/avr/bin/../lib/gcc/avr/5.4.0/../../../../avr/lib/avr6/memx-const\libm.a(gesf2.o)
                0x00000000000040b0                __gesf2
                0x00000000000040b0                __gtsf2

.text           0x00000000000040ba        0x8
 .text          0x00000000000040ba        0x8 c:/program files/microchip/xc8/v2.36/avr/bin/../lib/gcc/avr/5.4.0/../../../../avr/lib/avr6/memx-const\libm.a(divsf3.o)
                0x00000000000040ba                __divsf3

.text           0x00000000000040c2        0x8
 .text          0x00000000000040c2        0x8 c:/program files/microchip/xc8/v2.36/avr/bin/../lib/gcc/avr/5.4.0/../../../../avr/lib/avr6/memx-const\libm.a(mulsf3.o)
                0x00000000000040c2                __mulsf3

.text           0x00000000000040ca        0x6
 .text          0x00000000000040ca        0x6 c:/program files/microchip/xc8/v2.36/avr/bin/../lib/gcc/avr/5.4.0/../../../../avr/lib/avr6/memx-const\libm.a(fp_nan.o)
                0x00000000000040ca                __fp_nan

.text           0x00000000000040d0        0x4
 .text          0x00000000000040d0        0x4 C:/Program Files (x86)/Atmel/Studio/7.0/Packs/atmel/ATmega_DFP/1.7.374/xc8/avr/lib/avr6/memx-const/crtatmega2560.o
                0x00000000000040d0                __vector_38
                0x00000000000040d0                __vector_22
                0x00000000000040d0                __vector_28
                0x00000000000040d0                __vector_1
                0x00000000000040d0                __vector_32
                0x00000000000040d0                __vector_34
                0x00000000000040d0                __vector_24
                0x00000000000040d0                __vector_12
                0x00000000000040d0                __vector_55
                0x00000000000040d0                __vector_46
                0x00000000000040d0                __bad_interrupt
                0x00000000000040d0                __vector_6
                0x00000000000040d0                __vector_31
                0x00000000000040d0                __vector_35
                0x00000000000040d0                __vector_39
                0x00000000000040d0                __vector_3
                0x00000000000040d0                __vector_23
                0x00000000000040d0                __vector_30
                0x00000000000040d0                __vector_45
                0x00000000000040d0                __vector_25
                0x00000000000040d0                __vector_11
                0x00000000000040d0                __vector_54
                0x00000000000040d0                __vector_13
                0x00000000000040d0                __vector_17
                0x00000000000040d0                __vector_19
                0x00000000000040d0                __vector_56
                0x00000000000040d0                __vector_7
                0x00000000000040d0                __vector_49
                0x00000000000040d0                __vector_41
                0x00000000000040d0                __vector_43
                0x00000000000040d0                __vector_27
                0x00000000000040d0                __vector_5
                0x00000000000040d0                __vector_33
                0x00000000000040d0                __vector_47
                0x00000000000040d0                __vector_52
                0x00000000000040d0                __vector_37
                0x00000000000040d0                __vector_4
                0x00000000000040d0                __vector_44
                0x00000000000040d0                __vector_51
                0x00000000000040d0                __vector_9
                0x00000000000040d0                __vector_2
                0x00000000000040d0                __vector_21
                0x00000000000040d0                __vector_15
                0x00000000000040d0                __vector_36
                0x00000000000040d0                __vector_29
                0x00000000000040d0                __vector_40
                0x00000000000040d0                __vector_8
                0x00000000000040d0                __vector_26
                0x00000000000040d0                __vector_48
                0x00000000000040d0                __vector_14
                0x00000000000040d0                __vector_53
                0x00000000000040d0                __vector_10
                0x00000000000040d0                __vector_50
                0x00000000000040d0                __vector_16
                0x00000000000040d0                __vector_18
                0x00000000000040d0                __vector_20
                0x00000000000040d0                __vector_42

.text._Exit     0x00000000000040d4        0x4
 .text._Exit    0x00000000000040d4        0x4 c:/program files/microchip/xc8/v2.36/avr/bin/../lib/gcc/avr/5.4.0/../../../../avr/lib/avr6/memx-const\libc.a(_Exit.o)
                0x00000000000040d4                _Exit

.text.__dummy_fini
                0x00000000000040d8        0x2
 .text.__dummy_fini
                0x00000000000040d8        0x2 c:/program files/microchip/xc8/v2.36/avr/bin/../lib/gcc/avr/5.4.0/../../../../avr/lib/avr6/memx-const\libc.a(exit.o)
                0x00000000000040d8                _fini

.text.__dummy_funcs_on_exit
                0x00000000000040da        0x2
 .text.__dummy_funcs_on_exit
                0x00000000000040da        0x2 c:/program files/microchip/xc8/v2.36/avr/bin/../lib/gcc/avr/5.4.0/../../../../avr/lib/avr6/memx-const\libc.a(exit.o)
                0x00000000000040da                __funcs_on_exit

.text.__dummy_simulator_exit
                0x00000000000040dc        0x2
 .text.__dummy_simulator_exit
                0x00000000000040dc        0x2 c:/program files/microchip/xc8/v2.36/avr/bin/../lib/gcc/avr/5.4.0/../../../../avr/lib/avr6/memx-const\libc.a(exit.o)
                0x00000000000040dc                __simulator_exit
