Archive member included to satisfy reference by file (symbol)

c:/program files/microchip/xc8/v2.36/avr/bin/../lib/gcc/avr/5.4.0/avr6/memx-const\libgcc.a(_copy_data.o)
                              src/FLASH_NAND_MEMORY.o (__do_copy_data)
c:/program files/microchip/xc8/v2.36/avr/bin/../lib/gcc/avr/5.4.0/avr6/memx-const\libgcc.a(_xload_1.o)
                              src/Board_V2_2.o (__xload_1)
c:/program files/microchip/xc8/v2.36/avr/bin/../lib/gcc/avr/5.4.0/../../../../avr/lib/avr6/memx-const\libc.a(exit.o)
                              C:/Program Files (x86)/Atmel/Studio/7.0/Packs/atmel/ATmega_DFP/1.7.374/xc8/avr/lib/avr6/memx-const/crtatmega2560.o (exit)
c:/program files/microchip/xc8/v2.36/avr/bin/../lib/gcc/avr/5.4.0/../../../../avr/lib/avr6/memx-const\libc.a(__sio_sprintf_doux.o)
                              src/Command_Line_Functions.o (_sprintf_cdnopuxX)
c:/program files/microchip/xc8/v2.36/avr/bin/../lib/gcc/avr/5.4.0/../../../../avr/lib/avr6/memx-const\libc.a(__fmt_s.o)
                              c:/program files/microchip/xc8/v2.36/avr/bin/../lib/gcc/avr/5.4.0/../../../../avr/lib/avr6/memx-const\libc.a(__sio_sprintf_doux.o) (__fmt_s_needed)
c:/program files/microchip/xc8/v2.36/avr/bin/../lib/gcc/avr/5.4.0/../../../../avr/lib/avr6/memx-const\libc.a(__printf_core.o)
                              c:/program files/microchip/xc8/v2.36/avr/bin/../lib/gcc/avr/5.4.0/../../../../avr/lib/avr6/memx-const\libc.a(__fmt_s.o) (__pad)
c:/program files/microchip/xc8/v2.36/avr/bin/../lib/gcc/avr/5.4.0/../../../../avr/lib/avr6/memx-const\libc.a(fputc.o)
                              c:/program files/microchip/xc8/v2.36/avr/bin/../lib/gcc/avr/5.4.0/../../../../avr/lib/avr6/memx-const\libc.a(__printf_core.o) (fputc)
c:/program files/microchip/xc8/v2.36/avr/bin/../lib/gcc/avr/5.4.0/../../../../avr/lib/avr6/memx-const\libc.a(__fmt_d.o)
                              c:/program files/microchip/xc8/v2.36/avr/bin/../lib/gcc/avr/5.4.0/../../../../avr/lib/avr6/memx-const\libc.a(__sio_sprintf_doux.o) (__fmt_d_needed)
c:/program files/microchip/xc8/v2.36/avr/bin/../lib/gcc/avr/5.4.0/../../../../avr/lib/avr6/memx-const\libc.a(__fmt_o.o)
                              c:/program files/microchip/xc8/v2.36/avr/bin/../lib/gcc/avr/5.4.0/../../../../avr/lib/avr6/memx-const\libc.a(__sio_sprintf_doux.o) (__fmt_o_needed)
c:/program files/microchip/xc8/v2.36/avr/bin/../lib/gcc/avr/5.4.0/../../../../avr/lib/avr6/memx-const\libc.a(__fmt_u.o)
                              c:/program files/microchip/xc8/v2.36/avr/bin/../lib/gcc/avr/5.4.0/../../../../avr/lib/avr6/memx-const\libc.a(__fmt_d.o) (__cvt_u)
c:/program files/microchip/xc8/v2.36/avr/bin/../lib/gcc/avr/5.4.0/../../../../avr/lib/avr6/memx-const\libc.a(__fmt_x.o)
                              c:/program files/microchip/xc8/v2.36/avr/bin/../lib/gcc/avr/5.4.0/../../../../avr/lib/avr6/memx-const\libc.a(__sio_sprintf_doux.o) (__fmt_x_needed)
c:/program files/microchip/xc8/v2.36/avr/bin/../lib/gcc/avr/5.4.0/../../../../avr/lib/avr6/memx-const\libc.a(__pop_float.o)
                              c:/program files/microchip/xc8/v2.36/avr/bin/../lib/gcc/avr/5.4.0/../../../../avr/lib/avr6/memx-const\libc.a(__printf_core.o) (__pop_float)
c:/program files/microchip/xc8/v2.36/avr/bin/../lib/gcc/avr/5.4.0/../../../../avr/lib/avr6/memx-const\libc.a(__pop_int.o)
                              c:/program files/microchip/xc8/v2.36/avr/bin/../lib/gcc/avr/5.4.0/../../../../avr/lib/avr6/memx-const\libc.a(__printf_core.o) (__pop_int)
c:/program files/microchip/xc8/v2.36/avr/bin/../lib/gcc/avr/5.4.0/../../../../avr/lib/avr6/memx-const\libc.a(__pop_ptr.o)
                              c:/program files/microchip/xc8/v2.36/avr/bin/../lib/gcc/avr/5.4.0/../../../../avr/lib/avr6/memx-const\libc.a(__printf_core.o) (__pop_ptr)
c:/program files/microchip/xc8/v2.36/avr/bin/../lib/gcc/avr/5.4.0/../../../../avr/lib/avr6/memx-const\libc.a(sprintf.o)
                              src/Command_Line_Functions.o (sprintf)
c:/program files/microchip/xc8/v2.36/avr/bin/../lib/gcc/avr/5.4.0/../../../../avr/lib/avr6/memx-const\libc.a(vsprintf.o)
                              c:/program files/microchip/xc8/v2.36/avr/bin/../lib/gcc/avr/5.4.0/../../../../avr/lib/avr6/memx-const\libc.a(sprintf.o) (vsprintf)
c:/program files/microchip/xc8/v2.36/avr/bin/../lib/gcc/avr/5.4.0/../../../../avr/lib/avr6/memx-const\libc.a(atoi.o)
                              c:/program files/microchip/xc8/v2.36/avr/bin/../lib/gcc/avr/5.4.0/../../../../avr/lib/avr6/memx-const\libc.a(__printf_core.o) (atoi)
c:/program files/microchip/xc8/v2.36/avr/bin/../lib/gcc/avr/5.4.0/../../../../avr/lib/avr6/memx-const\libc.a(memset.o)
                              c:/program files/microchip/xc8/v2.36/avr/bin/../lib/gcc/avr/5.4.0/../../../../avr/lib/avr6/memx-const\libc.a(__printf_core.o) (memset)
c:/program files/microchip/xc8/v2.36/avr/bin/../lib/gcc/avr/5.4.0/../../../../avr/lib/avr6/memx-const\libc.a(strcmp.o)
[...]
Memory Configuration

Name             Origin             Length             Attributes
text             0x0000000000000000 0x0000000000040000 xr
data             0x0000000000800200 0x0000000000002000 rw !x
eeprom           0x0000000000810000 0x0000000000001000 rw !x
fuse             0x0000000000820000 0x0000000000000003 rw !x
lock             0x0000000000830000 0x0000000000000400 rw !x
signature        0x0000000000840000 0x0000000000000400 rw !x
user_signatures  0x0000000000850000 0x0000000000000400 rw !x
*default*        0x0000000000000000 0xffffffffffffffff

Linker script and memory map

Address of section .data set to 0x800200
LOAD C:/Program Files (x86)/Atmel/Studio/7.0/Packs/atmel/ATmega_DFP/1.7.374/xc8/avr/lib/avr6/memx-const/crtatmega2560.o
LOAD main.o
LOAD src/Board_V2_1.o
LOAD src/Board_V2_2.o
LOAD src/Command_Line_Functions.o
LOAD src/FLASH_NAND_MEMORY.o
LOAD src/NAND_Flash_Formatter.o
START GROUP
LOAD c:/program files/microchip/xc8/v2.36/avr/bin/../lib/gcc/avr/5.4.0/../../../../avr/lib/avr6/memx-const\libm.a
END GROUP
START GROUP
LOAD c:/program files/microchip/xc8/v2.36/avr/bin/../lib/gcc/avr/5.4.0/avr6/memx-const\libgcc.a
LOAD c:/program files/microchip/xc8/v2.36/avr/bin/../lib/gcc/avr/5.4.0/../../../../avr/lib/avr6/memx-const\libm.a
LOAD c:/program files/microchip/xc8/v2.36/avr/bin/../lib/gcc/avr/5.4.0/../../../../avr/lib/avr6/memx-const\libc.a
LOAD C:/Program Files (x86)/Atmel/Studio/7.0/Packs/atmel/ATmega_DFP/1.7.374/xc8/avr/lib/avr6/memx-const\libatmega2560.a
END GROUP
                0x0000000000000000                __TEXT_REGION_ORIGIN__ = DEFINED (__TEXT_REGION_ORIGIN__)?__TEXT_REGION_ORIGIN__:0x0
                [0x0000000000800200]                __DATA_REGION_ORIGIN__ = DEFINED (__DATA_REGION_ORIGIN__)?__DATA_REGION_ORIGIN__:0x800200
                [0x0000000000040000]                __TEXT_REGION_LENGTH__ = DEFINED (__TEXT_REGION_LENGTH__)?__TEXT_REGION_LENGTH__:0x100000
                [0x0000000000002000]                __DATA_REGION_LENGTH__ = DEFINED (__DATA_REGION_LENGTH__)?__DATA_REGION_LENGTH__:0xfe00
                [0x0000000000001000]                __EEPROM_REGION_LENGTH__ = DEFINED (__EEPROM_REGION_LENGTH__)?__EEPROM_REGION_LENGTH__:0x10000
                [0x0000000000000003]                __FUSE_REGION_LENGTH__ = DEFINED (__FUSE_REGION_LENGTH__)?__FUSE_REGION_LENGTH__:0x400
                0x0000000000000400                __LOCK_REGION_LENGTH__ = DEFINED (__LOCK_REGION_LENGTH__)?__LOCK_REGION_LENGTH__:0x400
                0x0000000000000400                __SIGNATURE_REGION_LENGTH__ = DEFINED (__SIGNATURE_REGION_LENGTH__)?__SIGNATURE_REGION_LENGTH__:0x400
                0x0000000000000400                __USER_SIGNATURE_REGION_LENGTH__ = DEFINED (__USER_SIGNATURE_REGION_LENGTH__)?__USER_SIGNATURE_REGION_LENGTH__:0x400

.hash
 *(.hash)

.dynsym
 *(.dynsym)

.dynstr
 *(.dynstr)

.gnu.version
 *(.gnu.version)

.gnu.version_d
 *(.gnu.version_d)

.gnu.version_r
 *(.gnu.version_r)

.rel.init
 *(.rel.init)

.rela.init
 *(.rela.init)

.rel.text
 *(.rel.text)
 *(.rel.text.*)
 *(.rel.gnu.linkonce.t*)

.rela.text
 *(.rela.text)
 *(.rela.text.*)
 *(.rela.gnu.linkonce.t*)

.rel.fini
 *(.rel.fini)

.rela.fini
 *(.rela.fini)

.rel.rodata
 *(.rel.rodata)
 *(.rel.rodata.*)
 *(.rel.gnu.linkonce.r*)

.rela.rodata
 *(.rela.rodata)
 *(.rela.rodata.*)
 *(.rela.gnu.linkonce.r*)

.rel.data
 *(.rel.data)
 *(.rel.data.*)
 *(.rel.gnu.linkonce.d*)

.rela.data
 *(.rela.data)
 *(.rela.data.*)
 *(.rela.gnu.linkonce.d*)

.rel.ctors
 *(.rel.ctors)

.rela.ctors
 *(.rela.ctors)

.rel.dtors
 *(.rel.dtors)

.rela.dtors
 *(.rela.dtors)

.rel.got
 *(.rel.got)

.rela.got
 *(.rela.got)

.rel.bss
 *(.rel.bss)

.rela.bss
 *(.rela.bss)

.rel.plt
 *(.rel.plt)

.rela.plt
 *(.rela.plt)

.text           0x0000000000000000      0x17a
 *(.vectors)
 .vectors       0x0000000000000000       0xe4 C:/Program Files (x86)/Atmel/Studio/7.0/Packs/atmel/ATmega_DFP/1.7.374/xc8/avr/lib/avr6/memx-const/crtatmega2560.o
                0x0000000000000000                __vector_default
                0x0000000000000000                __vectors
 *(.vectors)
 *(.progmem.gcc*)
 *(.dinit)
 .dinit         0x00000000000000e4        0x5 data_init
                0x00000000000000ea                . = ALIGN (0x2)
 *fill*         0x00000000000000e9        0x1 
                0x00000000000000ea                __trampolines_start = .
 *(.trampolines)
 .trampolines   0x00000000000000ea       0x34 linker stubs
 *(.trampolines*)
                0x000000000000011e                __trampolines_end = .
 *libprintf_flt.a:*(.progmem.data)
 *libc.a:*(.progmem.data)
                0x000000000000011e                . = ALIGN (0x2)
 *(.jumptables)
 *(.jumptables*)
 *(.lowtext)
 *(.lowtext*)
                0x000000000000011e                __ctors_start = .
 *(.ctors)
                0x000000000000011e                __ctors_end = .
                0x000000000000011e                __dtors_start = .
 *(.dtors)
                0x000000000000011e                __dtors_end = .
 SORT(*)(.ctors)
 SORT(*)(.dtors)
 *(.init0)
 .init0         0x000000000000011e        0x0 C:/Program Files (x86)/Atmel/Studio/7.0/Packs/atmel/ATmega_DFP/1.7.374/xc8/avr/lib/avr6/memx-const/crtatmega2560.o
                0x000000000000011e                __init
 *(.init0)
 *(.init1)
 *(.init1)
 *(.init2)
 .init2         0x000000000000011e       0x10 C:/Program Files (x86)/Atmel/Studio/7.0/Packs/atmel/ATmega_DFP/1.7.374/xc8/avr/lib/avr6/memx-const/crtatmega2560.o
 *(.init2)
 *(.init3)
 *(.init3)
 *(.init4)
 .init4         0x000000000000012e       0x40 c:/program files/microchip/xc8/v2.36/avr/bin/../lib/gcc/avr/5.4.0/avr6/memx-const\libgcc.a(_copy_data.o)
                0x000000000000012e                __do_copy_data
                0x0000000000000160                __do_clear_bss
 *(.init4)
 *(.init5)
 *(.init5)
 *(.init6)
 *(.init6)
 *(.init7)
 *(.init7)
 *(.init8)
 *(.init8)
 *(.init9)
 .init9         0x000000000000016e        0x8 C:/Program Files (x86)/Atmel/Studio/7.0/Packs/atmel/ATmega_DFP/1.7.374/xc8/avr/lib/avr6/memx-const/crtatmega2560.o
 *(.init9)
                0x0000000000000176                . = ALIGN (0x2)
 *(.fini9)
 .fini9         0x0000000000000176        0x0 c:/program files/microchip/xc8/v2.36/avr/bin/../lib/gcc/avr/5.4.0/avr6/memx-const\libgcc.a(_exit.o)
                0x0000000000000176                _exit
 *(.fini9)
 *(.fini8)
 *(.fini8)
 *(.fini7)
 *(.fini7)
 *(.fini6)
 *(.fini6)
 *(.fini5)
 *(.fini5)
 *(.fini4)
 *(.fini4)
 *(.fini3)
 *(.fini3)
 *(.fini2)
 *(.fini2)
 *(.fini1)
 *(.fini1)
 *(.fini0)
 .fini0         0x0000000000000176        0x4 c:/program files/microchip/xc8/v2.36/avr/bin/../lib/gcc/avr/5.4.0/avr6/memx-const\libgcc.a(_exit.o)
 *(.fini0)
                0x000000000000017a                _etext = .

.data           0x0000000000800200        0x0 load address 0x000000000000017a
                [!provide]                        PROVIDE (__data_start, .)
 *(.gnu.linkonce.d*)
 *(.gnu.linkonce.r*)
                0x0000000000800200                . = ALIGN (0x2)
                0x0000000000800200                _edata = .
                [!provide]                        PROVIDE (__data_end, .)

.bss            0x0000000000800200     0x102e
                [!provide]                        PROVIDE (__bss_start, .)
 *(COMMON)
 COMMON         0x0000000000800200     0x102b main.o
                0x0000000000800200                CommandBuffer
                0x0000000000800a00                status_feature
                0x0000000000800a1e                c
                0x0000000000800a1f                data
                0x000000000080121f                HEX_ID
                0x0000000000801224                s
                0x0000000000801226                Byte_Address
 COMMON         0x000000000080122b        0x1 src/FLASH_NAND_MEMORY.o
                0x000000000080122b                status
 COMMON         0x000000000080122c        0x2 c:/program files/microchip/xc8/v2.36/avr/bin/../lib/gcc/avr/5.4.0/../../../../avr/lib/avr6/memx-const\libc.a(errno.o)
                0x000000000080122c                __errno_val
                [!provide]                        PROVIDE (__bss_end, .)
                0x000000000000017a                __data_load_start = LOADADDR (.data)
                0x000000000000017a                __data_load_end = (__data_load_start + SIZEOF (.data))

.noinit         0x000000000080122e        0x0
                [!provide]                        PROVIDE (__noinit_start, .)
 *(.noinit*)
                [!provide]                        PROVIDE (__noinit_end, .)
                0x000000000080122e                _end = .

.eeprom         0x0000000000810000        0x0
 *(.eeprom*)
                0x0000000000810000                __eeprom_end = .

.fuse
 *(.fuse)
 *(.lfuse)
 *(.hfuse)
 *(.efuse)

.lock
 *(.lock*)

.signature
 *(.signature*)

.user_signatures
 *(.user_signatures*)

.stab
 *(.stab)

.stabstr
 *(.stabstr)

.stab.excl
 *(.stab.excl)

.stab.exclstr
 *(.stab.exclstr)

.stab.index
 *(.stab.index)

.stab.indexstr
 *(.stab.indexstr)

.comment        0x0000000000000000       0x2f
 *(.comment)
 .comment       0x0000000000000000       0x2f main.o
                                         0x30 (size before relaxing)
 .comment       0x000000000000002f       0x30 src/Board_V2_2.o
 .comment       0x000000000000002f       0x30 src/Command_Line_Functions.o
 .comment       0x000000000000002f       0x30 src/FLASH_NAND_MEMORY.o
 .comment       0x000000000000002f       0x30 src/NAND_Flash_Formatter.o
 .comment       0x000000000000002f       0x30 c:/program files/microchip/xc8/v2.36/avr/bin/../lib/gcc/avr/5.4.0/../../../../avr/lib/avr6/memx-const\libc.a(exit.o)
 .comment       0x000000000000002f       0x30 c:/program files/microchip/xc8/v2.36/avr/bin/../lib/gcc/avr/5.4.0/../../../../avr/lib/avr6/memx-const\libc.a(__sio_sprintf_doux.o)
 .comment       0x000000000000002f       0x30 c:/program files/microchip/xc8/v2.36/avr/bin/../lib/gcc/avr/5.4.0/../../../../avr/lib/avr6/memx-const\libc.a(__fmt_s.o)
 .comment       0x000000000000002f       0x30 c:/program files/microchip/xc8/v2.36/avr/bin/../lib/gcc/avr/5.4.0/../../../../avr/lib/avr6/memx-const\libc.a(__printf_core.o)
 .comment       0x000000000000002f       0x30 c:/program files/microchip/xc8/v2.36/avr/bin/../lib/gcc/avr/5.4.0/../../../../avr/lib/avr6/memx-const\libc.a(fputc.o)
 .comment       0x000000000000002f       0x30 c:/program files/microchip/xc8/v2.36/avr/bin/../lib/gcc/avr/5.4.0/../../../../avr/lib/avr6/memx-const\libc.a(__fmt_d.o)
 .comment       0x000000000000002f       0x30 c:/program files/microchip/xc8/v2.36/avr/bin/../lib/gcc/avr/5.4.0/../../../../avr/lib/avr6/memx-const\libc.a(__fmt_o.o)
 .comment       0x000000000000002f       0x30 c:/program files/microchip/xc8/v2.36/avr/bin/../lib/gcc/avr/5.4.0/../../../../avr/lib/avr6/memx-const\libc.a(__fmt_u.o)
 .comment       0x000000000000002f       0x30 c:/program files/microchip/xc8/v2.36/avr/bin/../lib/gcc/avr/5.4.0/../../../../avr/lib/avr6/memx-const\libc.a(__fmt_x.o)
 .comment       0x000000000000002f       0x30 c:/program files/microchip/xc8/v2.36/avr/bin/../lib/gcc/avr/5.4.0/../../../../avr/lib/avr6/memx-const\libc.a(__pop_float.o)
 .comment       0x000000000000002f       0x30 c:/program files/microchip/xc8/v2.36/avr/bin/../lib/gcc/avr/5.4.0/../../../../avr/lib/avr6/memx-const\libc.a(__pop_int.o)
 .comment       0x000000000000002f       0x30 c:/program files/microchip/xc8/v2.36/avr/bin/../lib/gcc/avr/5.4.0/../../../../avr/lib/avr6/memx-const\libc.a(__pop_ptr.o)
 .comment       0x000000000000002f       0x30 c:/program files/microchip/xc8/v2.36/avr/bin/../lib/gcc/avr/5.4.0/../../../../avr/lib/avr6/memx-const\libc.a(sprintf.o)
 .comment       0x000000000000002f       0x30 c:/program files/microchip/xc8/v2.36/avr/bin/../lib/gcc/avr/5.4.0/../../../../avr/lib/avr6/memx-const\libc.a(vsprintf.o)
 .comment       0x000000000000002f       0x30 c:/program files/microchip/xc8/v2.36/avr/bin/../lib/gcc/avr/5.4.0/../../../../avr/lib/avr6/memx-const\libc.a(atoi.o)
 .comment       0x000000000000002f       0x30 c:/program files/microchip/xc8/v2.36/avr/bin/../lib/gcc/avr/5.4.0/../../../../avr/lib/avr6/memx-const\libc.a(memset.o)
 .comment       0x000000000000002f       0x30 c:/program files/microchip/xc8/v2.36/avr/bin/../lib/gcc/avr/5.4.0/../../../../avr/lib/avr6/memx-const\libc.a(strcmp.o)
 .comment       0x000000000000002f       0x30 c:/program files/microchip/xc8/v2.36/avr/bin/../lib/gcc/avr/5.4.0/../../../../avr/lib/avr6/memx-const\libc.a(strlen.o)
 .comment       0x000000000000002f       0x30 c:/program files/microchip/xc8/v2.36/avr/bin/../lib/gcc/avr/5.4.0/../../../../avr/lib/avr6/memx-const\libc.a(tolower.o)
 .comment       0x000000000000002f       0x30 c:/program files/microchip/xc8/v2.36/avr/bin/../lib/gcc/avr/5.4.0/../../../../avr/lib/avr6/memx-const\libc.a(toupper.o)
 .comment       0x000000000000002f       0x30 c:/program files/microchip/xc8/v2.36/avr/bin/../lib/gcc/avr/5.4.0/../../../../avr/lib/avr6/memx-const\libc.a(errno.o)
 .comment       0x000000000000002f       0x30 c:/program files/microchip/xc8/v2.36/avr/bin/../lib/gcc/avr/5.4.0/../../../../avr/lib/avr6/memx-const\libc.a(_Exit.o)
 .comment       0x000000000000002f       0x30 c:/program files/microchip/xc8/v2.36/avr/bin/../lib/gcc/avr/5.4.0/../../../../avr/lib/avr6/memx-const\libc.a(__int_vsprintf.o)
 .comment       0x000000000000002f       0x30 c:/program files/microchip/xc8/v2.36/avr/bin/../lib/gcc/avr/5.4.0/../../../../avr/lib/avr6/memx-const\libc.a(__int_vsnprintf.o)
 .comment       0x000000000000002f       0x30 c:/program files/microchip/xc8/v2.36/avr/bin/../lib/gcc/avr/5.4.0/../../../../avr/lib/avr6/memx-const\libc.a(vsnprintf.o)
 .comment       0x000000000000002f       0x30 c:/program files/microchip/xc8/v2.36/avr/bin/../lib/gcc/avr/5.4.0/../../../../avr/lib/avr6/memx-const\libc.a(vfprintf.o)
 .comment       0x000000000000002f       0x30 c:/program files/microchip/xc8/v2.36/avr/bin/../lib/gcc/avr/5.4.0/../../../../avr/lib/avr6/memx-const\libc.a(__int_vfprintf.o)
 .comment       0x000000000000002f       0x30 c:/program files/microchip/xc8/v2.36/avr/bin/../lib/gcc/avr/5.4.0/../../../../avr/lib/avr6/memx-const\libc.a(__fmt_fp.o)
 .comment       0x000000000000002f       0x30 c:/program files/microchip/xc8/v2.36/avr/bin/../lib/gcc/avr/5.4.0/../../../../avr/lib/avr6/memx-const\libc.a(__fmt_a.o)
 .comment       0x000000000000002f       0x30 c:/program files/microchip/xc8/v2.36/avr/bin/../lib/gcc/avr/5.4.0/../../../../avr/lib/avr6/memx-const\libc.a(strcpy.o)
 .comment       0x000000000000002f       0x30 c:/program files/microchip/xc8/v2.36/avr/bin/../lib/gcc/avr/5.4.0/../../../../avr/lib/avr6/memx-const\libm.a(floorf.o)
 .comment       0x000000000000002f       0x30 c:/program files/microchip/xc8/v2.36/avr/bin/../lib/gcc/avr/5.4.0/../../../../avr/lib/avr6/memx-const\libm.a(fmaf.o)

.stack.descriptors.hdr
                0x0000000000000000      0x196
 .stack.descriptors.hdr
                0x0000000000000000        0xe c:/program files/microchip/xc8/v2.36/avr/bin/../lib/gcc/avr/5.4.0/avr6/memx-const\libgcc.a(_xload_1.o)
 .stack.descriptors.hdr
                0x000000000000000e        0xe c:/program files/microchip/xc8/v2.36/avr/bin/../lib/gcc/avr/5.4.0/avr6/memx-const\libgcc.a(_divmodhi4.o)
 .stack.descriptors.hdr
                0x000000000000001c        0xe c:/program files/microchip/xc8/v2.36/avr/bin/../lib/gcc/avr/5.4.0/avr6/memx-const\libgcc.a(_exit.o)
 .stack.descriptors.hdr
                0x000000000000002a        0xe c:/program files/microchip/xc8/v2.36/avr/bin/../lib/gcc/avr/5.4.0/avr6/memx-const\libgcc.a(_udivdi3.o)
 .stack.descriptors.hdr
                0x0000000000000038        0xe c:/program files/microchip/xc8/v2.36/avr/bin/../lib/gcc/avr/5.4.0/avr6/memx-const\libgcc.a(_udivmod64.o)
 .stack.descriptors.hdr
                0x0000000000000046        0xe c:/program files/microchip/xc8/v2.36/avr/bin/../lib/gcc/avr/5.4.0/avr6/memx-const\libgcc.a(_negdi2.o)
 .stack.descriptors.hdr
                0x0000000000000054        0xe c:/program files/microchip/xc8/v2.36/avr/bin/../lib/gcc/avr/5.4.0/avr6/memx-const\libgcc.a(_movmemx.o)
 .stack.descriptors.hdr
                0x0000000000000062        0xe c:/program files/microchip/xc8/v2.36/avr/bin/../lib/gcc/avr/5.4.0/avr6/memx-const\libgcc.a(_ashrdi3.o)
 .stack.descriptors.hdr
                0x0000000000000070        0xe c:/program files/microchip/xc8/v2.36/avr/bin/../lib/gcc/avr/5.4.0/avr6/memx-const\libgcc.a(_cmpdi2_s8.o)
 .stack.descriptors.hdr
                0x000000000000007e        0xe c:/program files/microchip/xc8/v2.36/avr/bin/../lib/gcc/avr/5.4.0/avr6/memx-const\libgcc.a(_udivmodhi4.o)
 .stack.descriptors.hdr
                0x000000000000008c        0xe c:/program files/microchip/xc8/v2.36/avr/bin/../lib/gcc/avr/5.4.0/../../../../avr/lib/avr6/memx-const\libm.a(addsf3.o)
 .stack.descriptors.hdr
                0x000000000000009a        0xe c:/program files/microchip/xc8/v2.36/avr/bin/../lib/gcc/avr/5.4.0/../../../../avr/lib/avr6/memx-const\libm.a(addsf3x.o)
 .stack.descriptors.hdr
                0x00000000000000a8        0xe c:/program files/microchip/xc8/v2.36/avr/bin/../lib/gcc/avr/5.4.0/../../../../avr/lib/avr6/memx-const\libm.a(cmpsf2.o)
 .stack.descriptors.hdr
                0x00000000000000b6        0xe c:/program files/microchip/xc8/v2.36/avr/bin/../lib/gcc/avr/5.4.0/../../../../avr/lib/avr6/memx-const\libm.a(divsf3.o)
 .stack.descriptors.hdr
                0x00000000000000c4        0xe c:/program files/microchip/xc8/v2.36/avr/bin/../lib/gcc/avr/5.4.0/../../../../avr/lib/avr6/memx-const\libm.a(divsf3x.o)
 .stack.descriptors.hdr
                0x00000000000000d2        0xe c:/program files/microchip/xc8/v2.36/avr/bin/../lib/gcc/avr/5.4.0/../../../../avr/lib/avr6/memx-const\libm.a(fixsfsi.o)
 .stack.descriptors.hdr
                0x00000000000000e0        0xe c:/program files/microchip/xc8/v2.36/avr/bin/../lib/gcc/avr/5.4.0/../../../../avr/lib/avr6/memx-const\libm.a(fixunssfsi.o)
 .stack.descriptors.hdr
                0x00000000000000ee        0xe c:/program files/microchip/xc8/v2.36/avr/bin/../lib/gcc/avr/5.4.0/../../../../avr/lib/avr6/memx-const\libm.a(fp_cmp.o)
 .stack.descriptors.hdr
                0x00000000000000fc        0xe c:/program files/microchip/xc8/v2.36/avr/bin/../lib/gcc/avr/5.4.0/../../../../avr/lib/avr6/memx-const\libm.a(fp_inf.o)
 .stack.descriptors.hdr
                0x000000000000010a        0xe c:/program files/microchip/xc8/v2.36/avr/bin/../lib/gcc/avr/5.4.0/../../../../avr/lib/avr6/memx-const\libm.a(fp_nan.o)
 .stack.descriptors.hdr
                0x0000000000000118        0xe c:/program files/microchip/xc8/v2.36/avr/bin/../lib/gcc/avr/5.4.0/../../../../avr/lib/avr6/memx-const\libm.a(fp_pscA.o)
 .stack.descriptors.hdr
                0x0000000000000126        0xe c:/program files/microchip/xc8/v2.36/avr/bin/../lib/gcc/avr/5.4.0/../../../../avr/lib/avr6/memx-const\libm.a(fp_pscB.o)
 .stack.descriptors.hdr
                0x0000000000000134        0xe c:/program files/microchip/xc8/v2.36/avr/bin/../lib/gcc/avr/5.4.0/../../../../avr/lib/avr6/memx-const\libm.a(fp_round.o)
 .stack.descriptors.hdr
                0x0000000000000142        0xe c:/program files/microchip/xc8/v2.36/avr/bin/../lib/gcc/avr/5.4.0/../../../../avr/lib/avr6/memx-const\libm.a(fp_split3.o)
 .stack.descriptors.hdr
                0x0000000000000150        0xe c:/program files/microchip/xc8/v2.36/avr/bin/../lib/gcc/avr/5.4.0/../../../../avr/lib/avr6/memx-const\libm.a(fp_zero.o)
 .stack.descriptors.hdr
                0x000000000000015e        0xe c:/program files/microchip/xc8/v2.36/avr/bin/../lib/gcc/avr/5.4.0/../../../../avr/lib/avr6/memx-const\libm.a(gesf2.o)
 .stack.descriptors.hdr
                0x000000000000016c        0xe c:/program files/microchip/xc8/v2.36/avr/bin/../lib/gcc/avr/5.4.0/../../../../avr/lib/avr6/memx-const\libm.a(mulsf3.o)
 .stack.descriptors.hdr
                0x000000000000017a        0xe c:/program files/microchip/xc8/v2.36/avr/bin/../lib/gcc/avr/5.4.0/../../../../avr/lib/avr6/memx-const\libm.a(mulsf3x.o)
 .stack.descriptors.hdr
                0x0000000000000188        0xe c:/program files/microchip/xc8/v2.36/avr/bin/../lib/gcc/avr/5.4.0/avr6/memx-const\libgcc.a(_adddi3_s8.o)

.note.GNU-stack
                0x0000000000000000        0x0
 .note.GNU-stack
                0x0000000000000000        0x0 c:/program files/microchip/xc8/v2.36/avr/bin/../lib/gcc/avr/5.4.0/../../../../avr/lib/avr6/memx-const\libc.a(exit.o)
 .note.GNU-stack
                0x0000000000000000        0x0 c:/program files/microchip/xc8/v2.36/avr/bin/../lib/gcc/avr/5.4.0/../../../../avr/lib/avr6/memx-const\libc.a(__sio_sprintf_doux.o)
 .note.GNU-stack
                0x0000000000000000        0x0 c:/program files/microchip/xc8/v2.36/avr/bin/../lib/gcc/avr/5.4.0/../../../../avr/lib/avr6/memx-const\libc.a(__fmt_s.o)
 .note.GNU-stack
                0x0000000000000000        0x0 c:/program files/microchip/xc8/v2.36/avr/bin/../lib/gcc/avr/5.4.0/../../../../avr/lib/avr6/memx-const\libc.a(__printf_core.o)
 .note.GNU-stack
                0x0000000000000000        0x0 c:/program files/microchip/xc8/v2.36/avr/bin/../lib/gcc/avr/5.4.0/../../../../avr/lib/avr6/memx-const\libc.a(fputc.o)
 .note.GNU-stack
                0x0000000000000000        0x0 c:/program files/microchip/xc8/v2.36/avr/bin/../lib/gcc/avr/5.4.0/../../../../avr/lib/avr6/memx-const\libc.a(__fmt_d.o)
 .note.GNU-stack
                0x0000000000000000        0x0 c:/program files/microchip/xc8/v2.36/avr/bin/../lib/gcc/avr/5.4.0/../../../../avr/lib/avr6/memx-const\libc.a(__fmt_o.o)
 .note.GNU-stack
                0x0000000000000000        0x0 c:/program files/microchip/xc8/v2.36/avr/bin/../lib/gcc/avr/5.4.0/../../../../avr/lib/avr6/memx-const\libc.a(__fmt_u.o)
 .note.GNU-stack
                0x0000000000000000        0x0 c:/program files/microchip/xc8/v2.36/avr/bin/../lib/gcc/avr/5.4.0/../../../../avr/lib/avr6/memx-const\libc.a(__fmt_x.o)
 .note.GNU-stack
                0x0000000000000000        0x0 c:/program files/microchip/xc8/v2.36/avr/bin/../lib/gcc/avr/5.4.0/../../../../avr/lib/avr6/memx-const\libc.a(__pop_float.o)
 .note.GNU-stack
                0x0000000000000000        0x0 c:/program files/microchip/xc8/v2.36/avr/bin/../lib/gcc/avr/5.4.0/../../../../avr/lib/avr6/memx-const\libc.a(__pop_int.o)
 .note.GNU-stack
                0x0000000000000000        0x0 c:/program files/microchip/xc8/v2.36/avr/bin/../lib/gcc/avr/5.4.0/../../../../avr/lib/avr6/memx-const\libc.a(__pop_ptr.o)
 .note.GNU-stack
                0x0000000000000000        0x0 c:/program files/microchip/xc8/v2.36/avr/bin/../lib/gcc/avr/5.4.0/../../../../avr/lib/avr6/memx-const\libc.a(sprintf.o)
 .note.GNU-stack
                0x0000000000000000        0x0 c:/program files/microchip/xc8/v2.36/avr/bin/../lib/gcc/avr/5.4.0/../../../../avr/lib/avr6/memx-const\libc.a(vsprintf.o)
 .note.GNU-stack
                0x0000000000000000        0x0 c:/program files/microchip/xc8/v2.36/avr/bin/../lib/gcc/avr/5.4.0/../../../../avr/lib/avr6/memx-const\libc.a(atoi.o)
 .note.GNU-stack
                0x0000000000000000        0x0 c:/program files/microchip/xc8/v2.36/avr/bin/../lib/gcc/avr/5.4.0/../../../../avr/lib/avr6/memx-const\libc.a(memset.o)
 .note.GNU-stack
                0x0000000000000000        0x0 c:/program files/microchip/xc8/v2.36/avr/bin/../lib/gcc/avr/5.4.0/../../../../avr/lib/avr6/memx-const\libc.a(strcmp.o)
 .note.GNU-stack
                0x0000000000000000        0x0 c:/program files/microchip/xc8/v2.36/avr/bin/../lib/gcc/avr/5.4.0/../../../../avr/lib/avr6/memx-const\libc.a(strlen.o)
 .note.GNU-stack
                0x0000000000000000        0x0 c:/program files/microchip/xc8/v2.36/avr/bin/../lib/gcc/avr/5.4.0/../../../../avr/lib/avr6/memx-const\libc.a(tolower.o)
 .note.GNU-stack
                0x0000000000000000        0x0 c:/program files/microchip/xc8/v2.36/avr/bin/../lib/gcc/avr/5.4.0/../../../../avr/lib/avr6/memx-const\libc.a(toupper.o)
 .note.GNU-stack
                0x0000000000000000        0x0 c:/program files/microchip/xc8/v2.36/avr/bin/../lib/gcc/avr/5.4.0/../../../../avr/lib/avr6/memx-const\libc.a(errno.o)
 .note.GNU-stack
                0x0000000000000000        0x0 c:/program files/microchip/xc8/v2.36/avr/bin/../lib/gcc/avr/5.4.0/../../../../avr/lib/avr6/memx-const\libc.a(_Exit.o)
 .note.GNU-stack
                0x0000000000000000        0x0 c:/program files/microchip/xc8/v2.36/avr/bin/../lib/gcc/avr/5.4.0/../../../../avr/lib/avr6/memx-const\libc.a(__int_vsprintf.o)
 .note.GNU-stack
                0x0000000000000000        0x0 c:/program files/microchip/xc8/v2.36/avr/bin/../lib/gcc/avr/5.4.0/../../../../avr/lib/avr6/memx-const\libc.a(__int_vsnprintf.o)
 .note.GNU-stack
                0x0000000000000000        0x0 c:/program files/microchip/xc8/v2.36/avr/bin/../lib/gcc/avr/5.4.0/../../../../avr/lib/avr6/memx-const\libc.a(vsnprintf.o)
 .note.GNU-stack
                0x0000000000000000        0x0 c:/program files/microchip/xc8/v2.36/avr/bin/../lib/gcc/avr/5.4.0/../../../../avr/lib/avr6/memx-const\libc.a(vfprintf.o)
 .note.GNU-stack
                0x0000000000000000        0x0 c:/program files/microchip/xc8/v2.36/avr/bin/../lib/gcc/avr/5.4.0/../../../../avr/lib/avr6/memx-const\libc.a(__int_vfprintf.o)
 .note.GNU-stack
                0x0000000000000000        0x0 c:/program files/microchip/xc8/v2.36/avr/bin/../lib/gcc/avr/5.4.0/../../../../avr/lib/avr6/memx-const\libc.a(__fmt_fp.o)
 .note.GNU-stack
                0x0000000000000000        0x0 c:/program files/microchip/xc8/v2.36/avr/bin/../lib/gcc/avr/5.4.0/../../../../avr/lib/avr6/memx-const\libc.a(__fmt_a.o)
 .note.GNU-stack
                0x0000000000000000        0x0 c:/program files/microchip/xc8/v2.36/avr/bin/../lib/gcc/avr/5.4.0/../../../../avr/lib/avr6/memx-const\libc.a(strcpy.o)
 .note.GNU-stack
                0x0000000000000000        0x0 c:/program files/microchip/xc8/v2.36/avr/bin/../lib/gcc/avr/5.4.0/../../../../avr/lib/avr6/memx-const\libm.a(addsf3.o)
 .note.GNU-stack
                0x0000000000000000        0x0 c:/program files/microchip/xc8/v2.36/avr/bin/../lib/gcc/avr/5.4.0/../../../../avr/lib/avr6/memx-const\libm.a(addsf3x.o)
 .note.GNU-stack
                0x0000000000000000        0x0 c:/program files/microchip/xc8/v2.36/avr/bin/../lib/gcc/avr/5.4.0/../../../../avr/lib/avr6/memx-const\libm.a(cmpsf2.o)
 .note.GNU-stack
                0x0000000000000000        0x0 c:/program files/microchip/xc8/v2.36/avr/bin/../lib/gcc/avr/5.4.0/../../../../avr/lib/avr6/memx-const\libm.a(divsf3.o)
 .note.GNU-stack
                0x0000000000000000        0x0 c:/program files/microchip/xc8/v2.36/avr/bin/../lib/gcc/avr/5.4.0/../../../../avr/lib/avr6/memx-const\libm.a(divsf3x.o)
 .note.GNU-stack
                0x0000000000000000        0x0 c:/program files/microchip/xc8/v2.36/avr/bin/../lib/gcc/avr/5.4.0/../../../../avr/lib/avr6/memx-const\libm.a(fixsfsi.o)
 .note.GNU-stack
                0x0000000000000000        0x0 c:/program files/microchip/xc8/v2.36/avr/bin/../lib/gcc/avr/5.4.0/../../../../avr/lib/avr6/memx-const\libm.a(fixunssfsi.o)
 .note.GNU-stack
                0x0000000000000000        0x0 c:/program files/microchip/xc8/v2.36/avr/bin/../lib/gcc/avr/5.4.0/../../../../avr/lib/avr6/memx-const\libm.a(fp_cmp.o)
 .note.GNU-stack
                0x0000000000000000        0x0 c:/program files/microchip/xc8/v2.36/avr/bin/../lib/gcc/avr/5.4.0/../../../../avr/lib/avr6/memx-const\libm.a(fp_inf.o)
 .note.GNU-stack
                0x0000000000000000        0x0 c:/program files/microchip/xc8/v2.36/avr/bin/../lib/gcc/avr/5.4.0/../../../../avr/lib/avr6/memx-const\libm.a(fp_nan.o)
 .note.GNU-stack
                0x0000000000000000        0x0 c:/program files/microchip/xc8/v2.36/avr/bin/../lib/gcc/avr/5.4.0/../../../../avr/lib/avr6/memx-const\libm.a(fp_pscA.o)
 .note.GNU-stack
                0x0000000000000000        0x0 c:/program files/microchip/xc8/v2.36/avr/bin/../lib/gcc/avr/5.4.0/../../../../avr/lib/avr6/memx-const\libm.a(fp_pscB.o)
 .note.GNU-stack
                0x0000000000000000        0x0 c:/program files/microchip/xc8/v2.36/avr/bin/../lib/gcc/avr/5.4.0/../../../../avr/lib/avr6/memx-const\libm.a(fp_round.o)
 .note.GNU-stack
                0x0000000000000000        0x0 c:/program files/microchip/xc8/v2.36/avr/bin/../lib/gcc/avr/5.4.0/../../../../avr/lib/avr6/memx-const\libm.a(fp_split3.o)
 .note.GNU-stack
                0x0000000000000000        0x0 c:/program files/microchip/xc8/v2.36/avr/bin/../lib/gcc/avr/5.4.0/../../../../avr/lib/avr6/memx-const\libm.a(fp_zero.o)
 .note.GNU-stack
                0x0000000000000000        0x0 c:/program files/microchip/xc8/v2.36/avr/bin/../lib/gcc/avr/5.4.0/../../../../avr/lib/avr6/memx-const\libm.a(gesf2.o)
 .note.GNU-stack
                0x0000000000000000        0x0 c:/program files/microchip/xc8/v2.36/avr/bin/../lib/gcc/avr/5.4.0/../../../../avr/lib/avr6/memx-const\libm.a(mulsf3.o)
 .note.GNU-stack
                0x0000000000000000        0x0 c:/program files/microchip/xc8/v2.36/avr/bin/../lib/gcc/avr/5.4.0/../../../../avr/lib/avr6/memx-const\libm.a(mulsf3x.o)
 .note.GNU-stack
                0x0000000000000000        0x0 c:/program files/microchip/xc8/v2.36/avr/bin/../lib/gcc/avr/5.4.0/../../../../avr/lib/avr6/memx-const\libm.a(floorf.o)
 .note.GNU-stack
                0x0000000000000000        0x0 c:/program files/microchip/xc8/v2.36/avr/bin/../lib/gcc/avr/5.4.0/../../../../avr/lib/avr6/memx-const\libm.a(fmaf.o)

.note.gnu.build-id
 *(.note.gnu.build-id)

.debug
 *(.debug)

.line
 *(.line)

.debug_srcinfo
 *(.debug_srcinfo)

.debug_sfnames
 *(.debug_sfnames)

.debug_aranges  0x0000000000000000      0x1c0
 *(.debug_aranges)
 .debug_aranges
                0x0000000000000000       0x20 main.o
 .debug_aranges
                0x0000000000000020       0x78 src/Board_V2_2.o
 .debug_aranges
                0x0000000000000098       0x48 src/Command_Line_Functions.o
 .debug_aranges
                0x00000000000000e0       0xc0 src/FLASH_NAND_MEMORY.o
 .debug_aranges
                0x00000000000001a0       0x20 src/NAND_Flash_Formatter.o

.debug_pubnames
 *(.debug_pubnames)

.debug_info     0x0000000000000000     0x3154
 *(.debug_info .gnu.linkonce.wi.*)
 .debug_info    0x0000000000000000      0xbbc C:/Program Files (x86)/Atmel/Studio/7.0/Packs/atmel/ATmega_DFP/1.7.374/xc8/avr/lib/avr6/memx-const/crtatmega2560.o
 .debug_info    0x0000000000000bbc      0x543 main.o
 .debug_info    0x00000000000010ff      0x4e1 src/Board_V2_2.o
 .debug_info    0x00000000000015e0      0x916 src/Command_Line_Functions.o
 .debug_info    0x0000000000001ef6      0xd6a src/FLASH_NAND_MEMORY.o
 .debug_info    0x0000000000002c60      0x4f4 src/NAND_Flash_Formatter.o

.debug_abbrev   0x0000000000000000     0x1207
 *(.debug_abbrev)
 .debug_abbrev  0x0000000000000000      0xb1a C:/Program Files (x86)/Atmel/Studio/7.0/Packs/atmel/ATmega_DFP/1.7.374/xc8/avr/lib/avr6/memx-const/crtatmega2560.o
 .debug_abbrev  0x0000000000000b1a      0x12d main.o
 .debug_abbrev  0x0000000000000c47      0x124 src/Board_V2_2.o
 .debug_abbrev  0x0000000000000d6b      0x171 src/Command_Line_Functions.o
 .debug_abbrev  0x0000000000000edc      0x25e src/FLASH_NAND_MEMORY.o
 .debug_abbrev  0x000000000000113a       0xcd src/NAND_Flash_Formatter.o

.debug_line     0x0000000000000000     0x17b9
 *(.debug_line .debug_line.* .debug_line_end)
 .debug_line    0x0000000000000000      0x1fd C:/Program Files (x86)/Atmel/Studio/7.0/Packs/atmel/ATmega_DFP/1.7.374/xc8/avr/lib/avr6/memx-const/crtatmega2560.o
 .debug_line    0x00000000000001fd      0x179 main.o
 .debug_line    0x0000000000000376      0x2ab src/Board_V2_2.o
 .debug_line    0x0000000000000621      0x597 src/Command_Line_Functions.o
 .debug_line    0x0000000000000bb8      0xaa7 src/FLASH_NAND_MEMORY.o
 .debug_line    0x000000000000165f      0x15a src/NAND_Flash_Formatter.o

.debug_frame    0x0000000000000000      0x57c
 *(.debug_frame)
 .debug_frame   0x0000000000000000       0x24 main.o
 .debug_frame   0x0000000000000024       0xf0 src/Board_V2_2.o
 .debug_frame   0x0000000000000114      0x1b4 src/Command_Line_Functions.o
 .debug_frame   0x00000000000002c8      0x26c src/FLASH_NAND_MEMORY.o
 .debug_frame   0x0000000000000534       0x48 src/NAND_Flash_Formatter.o

.debug_str      0x0000000000000000      0x537
 *(.debug_str)
 .debug_str     0x0000000000000000      0x3e6 C:/Program Files (x86)/Atmel/Studio/7.0/Packs/atmel/ATmega_DFP/1.7.374/xc8/avr/lib/avr6/memx-const/crtatmega2560.o
 .debug_str     0x00000000000003e6       0x8d main.o
 .debug_str     0x0000000000000473        0x0 src/Board_V2_2.o
 .debug_str     0x0000000000000473       0x31 src/Command_Line_Functions.o
 .debug_str     0x00000000000004a4       0x44 src/FLASH_NAND_MEMORY.o
 .debug_str     0x00000000000004e8       0x4f src/NAND_Flash_Formatter.o

.debug_loc      0x0000000000000000      0xd64
 *(.debug_loc)
 .debug_loc     0x0000000000000000       0xb6 src/Board_V2_2.o
 .debug_loc     0x00000000000000b6      0x571 src/Command_Line_Functions.o
 .debug_loc     0x0000000000000627      0x6a9 src/FLASH_NAND_MEMORY.o
 .debug_loc     0x0000000000000cd0       0x94 src/NAND_Flash_Formatter.o

.debug_macinfo
 *(.debug_macinfo)

.debug_weaknames
 *(.debug_weaknames)

.debug_funcnames
 *(.debug_funcnames)

.debug_typenames
 *(.debug_typenames)

.debug_varnames
 *(.debug_varnames)

.debug_pubtypes
 *(.debug_pubtypes)

.debug_ranges   0x0000000000000000      0x1e8
 *(.debug_ranges)
 .debug_ranges  0x0000000000000000       0x10 main.o
 .debug_ranges  0x0000000000000010       0x68 src/Board_V2_2.o
 .debug_ranges  0x0000000000000078       0x80 src/Command_Line_Functions.o
 .debug_ranges  0x00000000000000f8       0xe0 src/FLASH_NAND_MEMORY.o
 .debug_ranges  0x00000000000001d8       0x10 src/NAND_Flash_Formatter.o

.debug_macro
 *(.debug_macro)
OUTPUT(Flash_Memory_Management.elf elf32-avr)
LOAD linker stubs
LOAD data_init

.note.gnu.avr.deviceinfo
                0x0000000000000000       0x40
 .note.gnu.avr.deviceinfo
                0x0000000000000000       0x40 C:/Program Files (x86)/Atmel/Studio/7.0/Packs/atmel/ATmega_DFP/1.7.374/xc8/avr/lib/avr6/memx-const/crtatmega2560.o

.bss.input_counter
                0x000000000080122e        0x2
 .bss.input_counter
                0x000000000080122e        0x2 src/Command_Line_Functions.o
                0x000000000080122e                input_counter

.bss.arr_address
                0x0000000000801230        0x2
 .bss.arr_address
                0x0000000000801230        0x2 src/Command_Line_Functions.o
                0x0000000000801230                arr_address

.progmemx.data  0x000000000000017a      0x361
 .progmemx.data
                0x000000000000017a      0x361 src/Command_Line_Functions.o

.progmemx.data  0x00000000000004db       0xd4
 .progmemx.data
                0x00000000000004db       0xd4 src/FLASH_NAND_MEMORY.o

.progmemx.data  0x00000000000005af       0x7f
 .progmemx.data
                0x00000000000005af       0x7f src/NAND_Flash_Formatter.o

.progmemx.data.state_table
                0x000000000000062e       0x16
 .progmemx.data.state_table
                0x000000000000062e       0x16 c:/program files/microchip/xc8/v2.36/avr/bin/../lib/gcc/avr/5.4.0/../../../../avr/lib/avr6/memx-const\libc.a(__printf_core.o)

.progmemx.data  0x0000000000000644       0x13
 .progmemx.data
                0x0000000000000644       0x13 main.o

.progmemx.data  0x0000000000000657       0x10
 .progmemx.data
                0x0000000000000657       0x10 c:/program files/microchip/xc8/v2.36/avr/bin/../lib/gcc/avr/5.4.0/../../../../avr/lib/avr6/memx-const\libc.a(__fmt_fp.o)

.progmemx.data  0x0000000000000667       0x10
 .progmemx.data
                0x0000000000000667       0x10 c:/program files/microchip/xc8/v2.36/avr/bin/../lib/gcc/avr/5.4.0/../../../../avr/lib/avr6/memx-const\libc.a(__fmt_a.o)

.progmemx.data  0x0000000000000677        0x7
 .progmemx.data
                0x0000000000000677        0x7 c:/program files/microchip/xc8/v2.36/avr/bin/../lib/gcc/avr/5.4.0/../../../../avr/lib/avr6/memx-const\libc.a(__fmt_s.o)

.progmemx.data  0x000000000000067e        0x6
 .progmemx.data
                0x000000000000067e        0x6 c:/program files/microchip/xc8/v2.36/avr/bin/../lib/gcc/avr/5.4.0/../../../../avr/lib/avr6/memx-const\libc.a(__printf_core.o)

.text.__printf_core
                0x0000000000000684      0x832
 .text.__printf_core
                0x0000000000000684      0x832 c:/program files/microchip/xc8/v2.36/avr/bin/../lib/gcc/avr/5.4.0/../../../../avr/lib/avr6/memx-const\libc.a(__printf_core.o)
                0x0000000000000684                __printf_core

.text.__fmt_fp  0x0000000000000eb6      0x6ba
 .text.__fmt_fp
                0x0000000000000eb6      0x6ba c:/program files/microchip/xc8/v2.36/avr/bin/../lib/gcc/avr/5.4.0/../../../../avr/lib/avr6/memx-const\libc.a(__fmt_fp.o)
                0x0000000000000eb6                __fmt_f_needed
                0x0000000000000eb6                __fmt_fp

.text.__fmt_a   0x0000000000001570      0x65c
 .text.__fmt_a  0x0000000000001570      0x65c c:/program files/microchip/xc8/v2.36/avr/bin/../lib/gcc/avr/5.4.0/../../../../avr/lib/avr6/memx-const\libc.a(__fmt_a.o)
                0x0000000000001570                __fmt_a_needed
                0x0000000000001570                __fmt_a

.text.ExecuteCommand
                0x0000000000001bcc      0x468
 .text.ExecuteCommand
                0x0000000000001bcc      0x468 src/Command_Line_Functions.o
                0x0000000000001bcc                ExecuteCommand

.text.__fmt_x   0x0000000000002034      0x280
 .text.__fmt_x  0x0000000000002034      0x280 c:/program files/microchip/xc8/v2.36/avr/bin/../lib/gcc/avr/5.4.0/../../../../avr/lib/avr6/memx-const\libc.a(__fmt_x.o)
                0x0000000000002034                __fmt_x_needed
                0x0000000000002034                __fmt_x

.text.__fmt_d   0x00000000000022b4      0x17e
 .text.__fmt_d  0x00000000000022b4      0x17e c:/program files/microchip/xc8/v2.36/avr/bin/../lib/gcc/avr/5.4.0/../../../../avr/lib/avr6/memx-const\libc.a(__fmt_d.o)
                0x00000000000022b4                __fmt_d
                0x00000000000022b4                __fmt_d_needed

.text.__pop_int
                0x0000000000002432      0x172
 .text.__pop_int
                0x0000000000002432      0x172 c:/program files/microchip/xc8/v2.36/avr/bin/../lib/gcc/avr/5.4.0/../../../../avr/lib/avr6/memx-const\libc.a(__pop_int.o)
                0x0000000000002432                __pop_int_needed
                0x0000000000002432                __pop_int

.text.COLUMN_BLOCK_PAGE_ADDRESSER
                0x00000000000025a4      0x150
 .text.COLUMN_BLOCK_PAGE_ADDRESSER
                0x00000000000025a4      0x150 src/Command_Line_Functions.o
                0x00000000000025a4                COLUMN_BLOCK_PAGE_ADDRESSER

.text.__cvt_u   0x00000000000026f4      0x14a
 .text.__cvt_u  0x00000000000026f4      0x14a c:/program files/microchip/xc8/v2.36/avr/bin/../lib/gcc/avr/5.4.0/../../../../avr/lib/avr6/memx-const\libc.a(__fmt_u.o)
                0x00000000000026f4                __cvt_u

.text.fmaf      0x000000000000283e      0x13c
 .text.fmaf     0x000000000000283e      0x13c c:/program files/microchip/xc8/v2.36/avr/bin/../lib/gcc/avr/5.4.0/../../../../avr/lib/avr6/memx-const\libm.a(fmaf.o)
                0x000000000000283e                fmaf

.text.floorf    0x000000000000297a      0x132
 .text.floorf   0x000000000000297a      0x132 c:/program files/microchip/xc8/v2.36/avr/bin/../lib/gcc/avr/5.4.0/../../../../avr/lib/avr6/memx-const\libm.a(floorf.o)
                0x000000000000297a                floorf

.text.__pad     0x0000000000002aac      0x10e
 .text.__pad    0x0000000000002aac      0x10e c:/program files/microchip/xc8/v2.36/avr/bin/../lib/gcc/avr/5.4.0/../../../../avr/lib/avr6/memx-const\libc.a(__printf_core.o)
                0x0000000000002aac                __pad

.text           0x0000000000002bba       0xde
 .text          0x0000000000002bba       0xde c:/program files/microchip/xc8/v2.36/avr/bin/../lib/gcc/avr/5.4.0/../../../../avr/lib/avr6/memx-const\libm.a(divsf3x.o)
                0x0000000000002bba                __divsf3x
                0x0000000000002be2                __divsf3_pse

.text.__pop_ptr
                0x0000000000002c98       0xd8
 .text.__pop_ptr
                0x0000000000002c98       0xd8 c:/program files/microchip/xc8/v2.36/avr/bin/../lib/gcc/avr/5.4.0/../../../../avr/lib/avr6/memx-const\libc.a(__pop_ptr.o)
                0x0000000000002c98                __pop_ptr
                0x0000000000002c98                __pop_ptr_needed

.text.__fmt_o   0x0000000000002d70       0xd4
 .text.__fmt_o  0x0000000000002d70       0xd4 c:/program files/microchip/xc8/v2.36/avr/bin/../lib/gcc/avr/5.4.0/../../../../avr/lib/avr6/memx-const\libc.a(__fmt_o.o)
                0x0000000000002d70                __fmt_o
                0x0000000000002d70                __fmt_o_needed

.text           0x0000000000002e44       0xd4
 .text          0x0000000000002e44       0xd4 c:/program files/microchip/xc8/v2.36/avr/bin/../lib/gcc/avr/5.4.0/../../../../avr/lib/avr6/memx-const\libm.a(mulsf3x.o)
                0x0000000000002e44                __mulsf3x
                0x0000000000002e6a                __mulsf3_pse

.text           0x0000000000002f18       0xce
 .text          0x0000000000002f18       0xce c:/program files/microchip/xc8/v2.36/avr/bin/../lib/gcc/avr/5.4.0/../../../../avr/lib/avr6/memx-const\libm.a(addsf3x.o)
                0x0000000000002f18                __addsf3x

.text.__fmt_s   0x0000000000002fe6       0xca
 .text.__fmt_s  0x0000000000002fe6       0xca c:/program files/microchip/xc8/v2.36/avr/bin/../lib/gcc/avr/5.4.0/../../../../avr/lib/avr6/memx-const\libc.a(__fmt_s.o)
                0x0000000000002fe6                __fmt_s
                0x0000000000002fe6                __fmt_0_needed
                0x0000000000002fe6                __fmt_s_needed

.text.Page_Tester
                0x00000000000030b0       0xc0
 .text.Page_Tester
                0x00000000000030b0       0xc0 src/NAND_Flash_Formatter.o
                0x00000000000030b0                Page_Tester

.text.HEX_Verification
                0x0000000000003170       0xbc
 .text.HEX_Verification
                0x0000000000003170       0xbc src/Command_Line_Functions.o
                0x0000000000003170                HEX_Verification

.text.UserInput
                0x000000000000322c       0xbc
 .text.UserInput
                0x000000000000322c       0xbc src/Command_Line_Functions.o
                0x000000000000322c                UserInput

.text.__fmt_u   0x00000000000032e8       0xb0
 .text.__fmt_u  0x00000000000032e8       0xb0 c:/program files/microchip/xc8/v2.36/avr/bin/../lib/gcc/avr/5.4.0/../../../../avr/lib/avr6/memx-const\libc.a(__fmt_u.o)
                0x00000000000032e8                __fmt_u_needed
                0x00000000000032e8                __fmt_u

.text.Print_To_User
                0x0000000000003398       0xac
 .text.Print_To_User
                0x0000000000003398       0xac src/Command_Line_Functions.o
                0x0000000000003398                Print_To_User

.text.FLASH_Block_Lock
                0x0000000000003444       0xaa
 .text.FLASH_Block_Lock
                0x0000000000003444       0xaa src/FLASH_NAND_MEMORY.o
                0x0000000000003444                FLASH_Block_Lock

.text.FLASH_MainArray_Address
                0x00000000000034ee       0xa6
 .text.FLASH_MainArray_Address
                0x00000000000034ee       0xa6 src/FLASH_NAND_MEMORY.o
                0x00000000000034ee                FLASH_MainArray_Address

.text.__fmt_state
                0x0000000000003594       0xa4
 .text.__fmt_state
                0x0000000000003594       0xa4 c:/program files/microchip/xc8/v2.36/avr/bin/../lib/gcc/avr/5.4.0/../../../../avr/lib/avr6/memx-const\libc.a(__printf_core.o)
                0x0000000000003594                __fmt_state

.text.__vsnprintf
                0x0000000000003638       0xa4
 .text.__vsnprintf
                0x0000000000003638       0xa4 c:/program files/microchip/xc8/v2.36/avr/bin/../lib/gcc/avr/5.4.0/../../../../avr/lib/avr6/memx-const\libc.a(__int_vsnprintf.o)
                0x0000000000003638                __vsnprintf

.text.vsnprintf
                0x00000000000036dc       0xa4
 .text.vsnprintf
                0x00000000000036dc       0xa4 c:/program files/microchip/xc8/v2.36/avr/bin/../lib/gcc/avr/5.4.0/../../../../avr/lib/avr6/memx-const\libc.a(vsnprintf.o)
                0x00000000000036dc                vsnprintf

.text.FLASH_Data_Storage
                0x0000000000003780       0xa2
 .text.FLASH_Data_Storage
                0x0000000000003780       0xa2 src/FLASH_NAND_MEMORY.o
                0x0000000000003780                FLASH_Data_Storage

.text.libgcc.div
                0x0000000000003822       0xa2
 .text.libgcc.div
                0x0000000000003822       0xa2 c:/program files/microchip/xc8/v2.36/avr/bin/../lib/gcc/avr/5.4.0/avr6/memx-const\libgcc.a(_udivmod64.o)
                0x0000000000003822                __udivmod64

.text.fputc     0x00000000000038c4       0x92
 .text.fputc    0x00000000000038c4       0x92 c:/program files/microchip/xc8/v2.36/avr/bin/../lib/gcc/avr/5.4.0/../../../../avr/lib/avr6/memx-const\libc.a(fputc.o)
                0x00000000000038c4                fputc
                0x00000000000038c4                putc

.text.atoi      0x0000000000003956       0x8c
 .text.atoi     0x0000000000003956       0x8c c:/program files/microchip/xc8/v2.36/avr/bin/../lib/gcc/avr/5.4.0/../../../../avr/lib/avr6/memx-const\libc.a(atoi.o)
                0x0000000000003956                atoi

.text.FLASH_ID  0x00000000000039e2       0x8a
 .text.FLASH_ID
                0x00000000000039e2       0x8a src/FLASH_NAND_MEMORY.o
                0x00000000000039e2                FLASH_ID

.text.FLASH_Page_Program
                0x0000000000003a6c       0x82
 .text.FLASH_Page_Program
                0x0000000000003a6c       0x82 src/FLASH_NAND_MEMORY.o
                0x0000000000003a6c                FLASH_Page_Program

.text.FLASH_Status
                0x0000000000003aee       0x80
 .text.FLASH_Status
                0x0000000000003aee       0x80 src/FLASH_NAND_MEMORY.o
                0x0000000000003aee                FLASH_Status

.text.FLASH_Die_Selection
                0x0000000000003b6e       0x7a
 .text.FLASH_Die_Selection
                0x0000000000003b6e       0x7a src/FLASH_NAND_MEMORY.o
                0x0000000000003b6e                FLASH_Die_Selection

.text.FLASH_Configuration
                0x0000000000003be8       0x7a
 .text.FLASH_Configuration
                0x0000000000003be8       0x7a src/FLASH_NAND_MEMORY.o
                0x0000000000003be8                FLASH_Configuration

.text.NAND_Address_Checker
                0x0000000000003c62       0x74
 .text.NAND_Address_Checker
                0x0000000000003c62       0x74 src/Command_Line_Functions.o
                0x0000000000003c62                NAND_Address_Checker

.text.FLASH_Block_Lock_Setter
                0x0000000000003cd6       0x74
 .text.FLASH_Block_Lock_Setter
                0x0000000000003cd6       0x74 src/FLASH_NAND_MEMORY.o
                0x0000000000003cd6                FLASH_Block_Lock_Setter

.text.__out     0x0000000000003d4a       0x6a
 .text.__out    0x0000000000003d4a       0x6a c:/program files/microchip/xc8/v2.36/avr/bin/../lib/gcc/avr/5.4.0/../../../../avr/lib/avr6/memx-const\libc.a(__printf_core.o)
                0x0000000000003d4a                __out

.text.SLAVE_CS_Deselect
                0x0000000000003db4       0x62
 .text.SLAVE_CS_Deselect
                0x0000000000003db4       0x62 src/Board_V2_2.o
                0x0000000000003db4                SLAVE_CS_Deselect

.text.CLEAR_ARR
                0x0000000000003e16       0x5e
 .text.CLEAR_ARR
                0x0000000000003e16       0x5e src/FLASH_NAND_MEMORY.o
                0x0000000000003e16                CLEAR_ARR

.text           0x0000000000003e74       0x5e
 .text          0x0000000000003e74       0x5e c:/program files/microchip/xc8/v2.36/avr/bin/../lib/gcc/avr/5.4.0/../../../../avr/lib/avr6/memx-const\libm.a(fixunssfsi.o)
                0x0000000000003e74                __fixunssfsi

.text.FLASH_Column_Address
                0x0000000000003ed2       0x5c
 .text.FLASH_Column_Address
                0x0000000000003ed2       0x5c src/FLASH_NAND_MEMORY.o
                0x0000000000003ed2                FLASH_Column_Address

.text.FLASH_Para_Pg
                0x0000000000003f2e       0x50
 .text.FLASH_Para_Pg
                0x0000000000003f2e       0x50 src/FLASH_NAND_MEMORY.o
                0x0000000000003f2e                FLASH_Para_Pg

.text.FLASH_Read_From_Cache_x1
                0x0000000000003f7e       0x4e
 .text.FLASH_Read_From_Cache_x1
                0x0000000000003f7e       0x4e src/FLASH_NAND_MEMORY.o
                0x0000000000003f7e                FLASH_Read_From_Cache_x1

.text.USART_Data
                0x0000000000003fcc       0x4c
 .text.USART_Data
                0x0000000000003fcc       0x4c src/Board_V2_2.o
                0x0000000000003fcc                USART_Data

.text           0x0000000000004018       0x48
 .text          0x0000000000004018       0x48 c:/program files/microchip/xc8/v2.36/avr/bin/../lib/gcc/avr/5.4.0/../../../../avr/lib/avr6/memx-const\libm.a(fp_cmp.o)
                0x0000000000004018                __fp_cmp

.text.main      0x0000000000004060       0x44
 .text.main     0x0000000000004060       0x44 main.o
                0x0000000000004060                main

.text.strcmp    0x00000000000040a4       0x44
 .text.strcmp   0x00000000000040a4       0x44 c:/program files/microchip/xc8/v2.36/avr/bin/../lib/gcc/avr/5.4.0/../../../../avr/lib/avr6/memx-const\libc.a(strcmp.o)
                0x00000000000040a4                strcmp

.text           0x00000000000040e8       0x44
 .text          0x00000000000040e8       0x44 c:/program files/microchip/xc8/v2.36/avr/bin/../lib/gcc/avr/5.4.0/../../../../avr/lib/avr6/memx-const\libm.a(fp_split3.o)
                0x00000000000040e8                __fp_split3
                0x00000000000040f8                __fp_splitA

.text.__pop_float
                0x000000000000412c       0x40
 .text.__pop_float
                0x000000000000412c       0x40 c:/program files/microchip/xc8/v2.36/avr/bin/../lib/gcc/avr/5.4.0/../../../../avr/lib/avr6/memx-const\libc.a(__pop_float.o)
                0x000000000000412c                __pop_float_needed
                0x000000000000412c                __pop_float

.text.libgcc.builtins
                0x000000000000416c       0x3c
 .text.libgcc.builtins
                0x000000000000416c       0x3c c:/program files/microchip/xc8/v2.36/avr/bin/../lib/gcc/avr/5.4.0/avr6/memx-const\libgcc.a(_ashrdi3.o)
                0x000000000000416c                __ashrdi3
                0x0000000000004170                __lshrdi3

.text.FLASH_Page_Read
                0x00000000000041a8       0x38
 .text.FLASH_Page_Read
                0x00000000000041a8       0x38 src/FLASH_NAND_MEMORY.o
                0x00000000000041a8                FLASH_Page_Read

.text.libgcc.prologue
                0x00000000000041e0       0x38
 .text.libgcc.prologue
                0x00000000000041e0       0x38 c:/program files/microchip/xc8/v2.36/avr/bin/../lib/gcc/avr/5.4.0/avr6/memx-const\libgcc.a(_prologue.o)
                0x00000000000041e0                __prologue_saves__

.text.USART_Init
                0x0000000000004218       0x36
 .text.USART_Init
                0x0000000000004218       0x36 src/Board_V2_2.o
                0x0000000000004218                USART_Init

.text.libgcc.prologue
                0x000000000000424e       0x36
 .text.libgcc.prologue
                0x000000000000424e       0x36 c:/program files/microchip/xc8/v2.36/avr/bin/../lib/gcc/avr/5.4.0/avr6/memx-const\libgcc.a(_epilogue.o)
                0x000000000000424e                __epilogue_restores__

.text.FLASH_Block_Erase
                0x0000000000004284       0x34
 .text.FLASH_Block_Erase
                0x0000000000004284       0x34 src/FLASH_NAND_MEMORY.o
                0x0000000000004284                FLASH_Block_Erase

.text.FLASH_Program_Execute
                0x00000000000042b8       0x30
 .text.FLASH_Program_Execute
                0x00000000000042b8       0x30 src/FLASH_NAND_MEMORY.o
                0x00000000000042b8                FLASH_Program_Execute

.text.vfprintf  0x00000000000042e8       0x30
 .text.vfprintf
                0x00000000000042e8       0x30 c:/program files/microchip/xc8/v2.36/avr/bin/../lib/gcc/avr/5.4.0/../../../../avr/lib/avr6/memx-const\libc.a(vfprintf.o)
                0x00000000000042e8                vfprintf

.text.__vfprintf
                0x0000000000004318       0x30
 .text.__vfprintf
                0x0000000000004318       0x30 c:/program files/microchip/xc8/v2.36/avr/bin/../lib/gcc/avr/5.4.0/../../../../avr/lib/avr6/memx-const\libc.a(__int_vfprintf.o)
                0x0000000000004318                __vfprintf

.text.libgcc.div
                0x0000000000004348       0x28
 .text.libgcc.div
                0x0000000000004348       0x28 c:/program files/microchip/xc8/v2.36/avr/bin/../lib/gcc/avr/5.4.0/avr6/memx-const\libgcc.a(_divmodhi4.o)
                0x0000000000004348                _div
                0x0000000000004348                __divmodhi4

.text.libgcc.div
                0x0000000000004370       0x28
 .text.libgcc.div
                0x0000000000004370       0x28 c:/program files/microchip/xc8/v2.36/avr/bin/../lib/gcc/avr/5.4.0/avr6/memx-const\libgcc.a(_udivmodhi4.o)
                0x0000000000004370                __udivmodhi4

.text.VOLTAGE_Translator_Init
                0x0000000000004398       0x26
 .text.VOLTAGE_Translator_Init
                0x0000000000004398       0x26 src/Board_V2_2.o
                0x0000000000004398                VOLTAGE_Translator_Init

.text.__wrap_sprintf
                0x00000000000043be       0x26
 .text.__wrap_sprintf
                0x00000000000043be       0x26 c:/program files/microchip/xc8/v2.36/avr/bin/../lib/gcc/avr/5.4.0/../../../../avr/lib/avr6/memx-const\libc.a(__sio_sprintf_doux.o)
                0x00000000000043be                _sprintf_cdnopuxX

.text.sprintf   0x00000000000043e4       0x26
 .text.sprintf  0x00000000000043e4       0x26 c:/program files/microchip/xc8/v2.36/avr/bin/../lib/gcc/avr/5.4.0/../../../../avr/lib/avr6/memx-const\libc.a(sprintf.o)
                0x00000000000043e4                sprintf

.text.SPI_MASTER_Init
                0x000000000000440a       0x24
 .text.SPI_MASTER_Init
                0x000000000000440a       0x24 src/FLASH_NAND_MEMORY.o
                0x000000000000440a                SPI_MASTER_Init

.text.strlen    0x000000000000442e       0x24
 .text.strlen   0x000000000000442e       0x24 c:/program files/microchip/xc8/v2.36/avr/bin/../lib/gcc/avr/5.4.0/../../../../avr/lib/avr6/memx-const\libc.a(strlen.o)
                0x000000000000442e                strlen

.text           0x0000000000004452       0x22
 .text          0x0000000000004452       0x22 c:/program files/microchip/xc8/v2.36/avr/bin/../lib/gcc/avr/5.4.0/../../../../avr/lib/avr6/memx-const\libm.a(fp_round.o)
                0x0000000000004452                __fp_round

.text.libgcc    0x0000000000004474       0x20
 .text.libgcc   0x0000000000004474       0x20 c:/program files/microchip/xc8/v2.36/avr/bin/../lib/gcc/avr/5.4.0/avr6/memx-const\libgcc.a(_negdi2.o)
                0x0000000000004474                __negdi2

.text.FLASH_Reset
                0x0000000000004494       0x1e
 .text.FLASH_Reset
                0x0000000000004494       0x1e src/FLASH_NAND_MEMORY.o
                0x0000000000004494                FLASH_Reset

.text.strcpy    0x00000000000044b2       0x1c
 .text.strcpy   0x00000000000044b2       0x1c c:/program files/microchip/xc8/v2.36/avr/bin/../lib/gcc/avr/5.4.0/../../../../avr/lib/avr6/memx-const\libc.a(strcpy.o)
                0x00000000000044b2                strcpy

.text.libgcc.div
                0x00000000000044ce       0x1c
 .text.libgcc.div
                0x00000000000044ce       0x1c c:/program files/microchip/xc8/v2.36/avr/bin/../lib/gcc/avr/5.4.0/avr6/memx-const\libgcc.a(_udivdi3.o)
                0x00000000000044ce                __umoddi3
                0x00000000000044d2                __udivdi3
                0x00000000000044d4                __udivdi3_umoddi3

.text.libgcc    0x00000000000044ea       0x1c
 .text.libgcc   0x00000000000044ea       0x1c c:/program files/microchip/xc8/v2.36/avr/bin/../lib/gcc/avr/5.4.0/avr6/memx-const\libgcc.a(_movmemx.o)
                0x00000000000044ea                __movmemx_qi
                0x00000000000044ec                __movmemx_hi

.text.FLASH_Write_Enable
                0x0000000000004506       0x1a
 .text.FLASH_Write_Enable
                0x0000000000004506       0x1a src/FLASH_NAND_MEMORY.o
                0x0000000000004506                FLASH_Write_Enable

.text.vsprintf  0x0000000000004520       0x18
 .text.vsprintf
                0x0000000000004520       0x18 c:/program files/microchip/xc8/v2.36/avr/bin/../lib/gcc/avr/5.4.0/../../../../avr/lib/avr6/memx-const\libc.a(vsprintf.o)
                0x0000000000004520                vsprintf

.text.__vsprintf
                0x0000000000004538       0x18
 .text.__vsprintf
                0x0000000000004538       0x18 c:/program files/microchip/xc8/v2.36/avr/bin/../lib/gcc/avr/5.4.0/../../../../avr/lib/avr6/memx-const\libc.a(__int_vsprintf.o)
                0x0000000000004538                __vsprintf

.text.libgcc    0x0000000000004550       0x18
 .text.libgcc   0x0000000000004550       0x18 c:/program files/microchip/xc8/v2.36/avr/bin/../lib/gcc/avr/5.4.0/avr6/memx-const\libgcc.a(_cmpdi2_s8.o)
                0x0000000000004550                __cmpdi2_s8

.text.libgcc    0x0000000000004568       0x18
 .text.libgcc   0x0000000000004568       0x18 c:/program files/microchip/xc8/v2.36/avr/bin/../lib/gcc/avr/5.4.0/avr6/memx-const\libgcc.a(_adddi3_s8.o)
                0x0000000000004568                __adddi3_s8

.text.LED_Init  0x0000000000004580       0x16
 .text.LED_Init
                0x0000000000004580       0x16 src/Board_V2_2.o
                0x0000000000004580                LED_Init

.text.exit      0x0000000000004596       0x16
 .text.exit     0x0000000000004596       0x16 c:/program files/microchip/xc8/v2.36/avr/bin/../lib/gcc/avr/5.4.0/../../../../avr/lib/avr6/memx-const\libc.a(exit.o)
                0x0000000000004596                exit

.text.memset    0x00000000000045ac       0x12
 .text.memset   0x00000000000045ac       0x12 c:/program files/microchip/xc8/v2.36/avr/bin/../lib/gcc/avr/5.4.0/../../../../avr/lib/avr6/memx-const\libc.a(memset.o)
                0x00000000000045ac                memset

.text.toupper   0x00000000000045be       0x12
 .text.toupper  0x00000000000045be       0x12 c:/program files/microchip/xc8/v2.36/avr/bin/../lib/gcc/avr/5.4.0/../../../../avr/lib/avr6/memx-const\libc.a(toupper.o)
                0x00000000000045be                toupper

.text.tolower   0x00000000000045d0       0x10
 .text.tolower  0x00000000000045d0       0x10 c:/program files/microchip/xc8/v2.36/avr/bin/../lib/gcc/avr/5.4.0/../../../../avr/lib/avr6/memx-const\libc.a(tolower.o)
                0x00000000000045d0                tolower

.text.USART_TX_Data
                0x00000000000045e0        0xe
 .text.USART_TX_Data
                0x00000000000045e0        0xe src/Board_V2_2.o
                0x00000000000045e0                USART_TX_Data

.text.USART_RX_Data
                0x00000000000045ee        0xe
 .text.USART_RX_Data
                0x00000000000045ee        0xe src/Board_V2_2.o
                0x00000000000045ee                USART_RX_Data

.text.LED_Red_Toggle
                0x00000000000045fc        0xe
 .text.LED_Red_Toggle
                0x00000000000045fc        0xe src/Board_V2_2.o
                0x00000000000045fc                LED_Red_Toggle

.text.LED_Green_Toggle
                0x000000000000460a        0xe
 .text.LED_Green_Toggle
                0x000000000000460a        0xe src/Board_V2_2.o
                0x000000000000460a                LED_Green_Toggle

.text.libgcc    0x0000000000004618        0xe
 .text.libgcc   0x0000000000004618        0xe c:/program files/microchip/xc8/v2.36/avr/bin/../lib/gcc/avr/5.4.0/avr6/memx-const\libgcc.a(_xload_1.o)
                0x0000000000004618                __xload_1

.text           0x0000000000004626        0xe
 .text          0x0000000000004626        0xe c:/program files/microchip/xc8/v2.36/avr/bin/../lib/gcc/avr/5.4.0/../../../../avr/lib/avr6/memx-const\libm.a(addsf3.o)
                0x0000000000004626                __subsf3
                0x0000000000004628                __addsf3

.text           0x0000000000004634        0xe
 .text          0x0000000000004634        0xe c:/program files/microchip/xc8/v2.36/avr/bin/../lib/gcc/avr/5.4.0/../../../../avr/lib/avr6/memx-const\libm.a(fixsfsi.o)
                0x0000000000004634                __fixsfsi

.text           0x0000000000004642        0xe
 .text          0x0000000000004642        0xe c:/program files/microchip/xc8/v2.36/avr/bin/../lib/gcc/avr/5.4.0/../../../../avr/lib/avr6/memx-const\libm.a(fp_pscA.o)
                0x0000000000004642                __fp_pscA

.text           0x0000000000004650        0xe
 .text          0x0000000000004650        0xe c:/program files/microchip/xc8/v2.36/avr/bin/../lib/gcc/avr/5.4.0/../../../../avr/lib/avr6/memx-const\libm.a(fp_pscB.o)
                0x0000000000004650                __fp_pscB

.text           0x000000000000465e        0xe
 .text          0x000000000000465e        0xe c:/program files/microchip/xc8/v2.36/avr/bin/../lib/gcc/avr/5.4.0/../../../../avr/lib/avr6/memx-const\libm.a(fp_zero.o)
                0x000000000000465e                __fp_zero
                0x0000000000004660                __fp_szero

.text           0x000000000000466c        0xc
 .text          0x000000000000466c        0xc c:/program files/microchip/xc8/v2.36/avr/bin/../lib/gcc/avr/5.4.0/../../../../avr/lib/avr6/memx-const\libm.a(fp_inf.o)
                0x000000000000466c                __fp_inf

.text           0x0000000000004678        0xa
 .text          0x0000000000004678        0xa c:/program files/microchip/xc8/v2.36/avr/bin/../lib/gcc/avr/5.4.0/../../../../avr/lib/avr6/memx-const\libm.a(cmpsf2.o)
                0x0000000000004678                __nesf2
                0x0000000000004678                __eqsf2
                0x0000000000004678                __cmpsf2
                0x0000000000004678                __ltsf2
                0x0000000000004678                __lesf2

.text           0x0000000000004682        0xa
 .text          0x0000000000004682        0xa c:/program files/microchip/xc8/v2.36/avr/bin/../lib/gcc/avr/5.4.0/../../../../avr/lib/avr6/memx-const\libm.a(gesf2.o)
                0x0000000000004682                __gesf2
                0x0000000000004682                __gtsf2

.text.FLASH_NAND_CS_ENABLE
                0x000000000000468c        0x8
 .text.FLASH_NAND_CS_ENABLE
                0x000000000000468c        0x8 src/Board_V2_2.o
                0x000000000000468c                FLASH_NAND_CS_ENABLE

.text.FLASH_NAND_CS_DISABLE
                0x0000000000004694        0x8
 .text.FLASH_NAND_CS_DISABLE
                0x0000000000004694        0x8 src/Board_V2_2.o
                0x0000000000004694                FLASH_NAND_CS_DISABLE

.text           0x000000000000469c        0x8
 .text          0x000000000000469c        0x8 c:/program files/microchip/xc8/v2.36/avr/bin/../lib/gcc/avr/5.4.0/../../../../avr/lib/avr6/memx-const\libm.a(divsf3.o)
                0x000000000000469c                __divsf3

.text           0x00000000000046a4        0x8
 .text          0x00000000000046a4        0x8 c:/program files/microchip/xc8/v2.36/avr/bin/../lib/gcc/avr/5.4.0/../../../../avr/lib/avr6/memx-const\libm.a(mulsf3.o)
                0x00000000000046a4                __mulsf3

.text           0x00000000000046ac        0x6
 .text          0x00000000000046ac        0x6 c:/program files/microchip/xc8/v2.36/avr/bin/../lib/gcc/avr/5.4.0/../../../../avr/lib/avr6/memx-const\libm.a(fp_nan.o)
                0x00000000000046ac                __fp_nan

.text           0x00000000000046b2        0x4
 .text          0x00000000000046b2        0x4 C:/Program Files (x86)/Atmel/Studio/7.0/Packs/atmel/ATmega_DFP/1.7.374/xc8/avr/lib/avr6/memx-const/crtatmega2560.o
                0x00000000000046b2                __vector_38
                0x00000000000046b2                __vector_22
                0x00000000000046b2                __vector_28
                0x00000000000046b2                __vector_1
                0x00000000000046b2                __vector_32
                0x00000000000046b2                __vector_34
                0x00000000000046b2                __vector_24
                0x00000000000046b2                __vector_12
                0x00000000000046b2                __vector_55
                0x00000000000046b2                __vector_46
                0x00000000000046b2                __bad_interrupt
                0x00000000000046b2                __vector_6
                0x00000000000046b2                __vector_31
                0x00000000000046b2                __vector_35
                0x00000000000046b2                __vector_39
                0x00000000000046b2                __vector_3
                0x00000000000046b2                __vector_23
                0x00000000000046b2                __vector_30
                0x00000000000046b2                __vector_45
                0x00000000000046b2                __vector_25
                0x00000000000046b2                __vector_11
                0x00000000000046b2                __vector_54
                0x00000000000046b2                __vector_13
                0x00000000000046b2                __vector_17
                0x00000000000046b2                __vector_19
                0x00000000000046b2                __vector_56
                0x00000000000046b2                __vector_7
                0x00000000000046b2                __vector_49
                0x00000000000046b2                __vector_41
                0x00000000000046b2                __vector_43
                0x00000000000046b2                __vector_27
                0x00000000000046b2                __vector_5
                0x00000000000046b2                __vector_33
                0x00000000000046b2                __vector_47
                0x00000000000046b2                __vector_52
                0x00000000000046b2                __vector_37
                0x00000000000046b2                __vector_4
                0x00000000000046b2                __vector_44
                0x00000000000046b2                __vector_51
                0x00000000000046b2                __vector_9
                0x00000000000046b2                __vector_2
                0x00000000000046b2                __vector_21
                0x00000000000046b2                __vector_15
                0x00000000000046b2                __vector_36
                0x00000000000046b2                __vector_29
                0x00000000000046b2                __vector_40
                0x00000000000046b2                __vector_8
                0x00000000000046b2                __vector_26
                0x00000000000046b2                __vector_48
                0x00000000000046b2                __vector_14
                0x00000000000046b2                __vector_53
                0x00000000000046b2                __vector_10
                0x00000000000046b2                __vector_50
                0x00000000000046b2                __vector_16
                0x00000000000046b2                __vector_18
                0x00000000000046b2                __vector_20
                0x00000000000046b2                __vector_42

.text._Exit     0x00000000000046b6        0x4
 .text._Exit    0x00000000000046b6        0x4 c:/program files/microchip/xc8/v2.36/avr/bin/../lib/gcc/avr/5.4.0/../../../../avr/lib/avr6/memx-const\libc.a(_Exit.o)
                0x00000000000046b6                _Exit

.text.__dummy_fini
                0x00000000000046ba        0x2
 .text.__dummy_fini
                0x00000000000046ba        0x2 c:/program files/microchip/xc8/v2.36/avr/bin/../lib/gcc/avr/5.4.0/../../../../avr/lib/avr6/memx-const\libc.a(exit.o)
                0x00000000000046ba                _fini

.text.__dummy_funcs_on_exit
                0x00000000000046bc        0x2
 .text.__dummy_funcs_on_exit
                0x00000000000046bc        0x2 c:/program files/microchip/xc8/v2.36/avr/bin/../lib/gcc/avr/5.4.0/../../../../avr/lib/avr6/memx-const\libc.a(exit.o)
                0x00000000000046bc                __funcs_on_exit

.text.__dummy_simulator_exit
                0x00000000000046be        0x2
 .text.__dummy_simulator_exit
                0x00000000000046be        0x2 c:/program files/microchip/xc8/v2.36/avr/bin/../lib/gcc/avr/5.4.0/../../../../avr/lib/avr6/memx-const\libc.a(exit.o)
                0x00000000000046be                __simulator_exit
